warning: Git tree '/home/freerat/projects/topotestix' is dirty
warning: ignoring the client-specified setting 'netrc-file', because it is a restricted setting and you are not a trusted user
warning: ignoring the client-specified setting 'trusted-public-keys', because it is a restricted setting and you are not a trusted user
warning: ignoring the client-specified setting 'netrc-file', because it is a restricted setting and you are not a trusted user
warning: ignoring the client-specified setting 'trusted-public-keys', because it is a restricted setting and you are not a trusted user
these 27 derivations will be built:
  /nix/store/0z9ckgiqpvw0npajqs76syjc8w510jhk-X-Restart-Triggers-sshd.drv
  /nix/store/hl71jif6ja613d4jjbmr62hibhrwfg3s-nixos-tmpfiles.d.drv
  /nix/store/1qhkv8hmggpmyhvm13lyv4laiyvdp7am-tmpfiles.d.drv
  /nix/store/6ib05267rmn186bfsy8dmn9gz5aml22l-system-path.drv
  /nix/store/nwlsl96a5d2i8n6glwbza2xbhrfd7j3i-dbus-1.drv
  /nix/store/xc4v1fxmmjlipq8d3i3msnwh9bwvhyx3-X-Restart-Triggers-dbus.drv
  /nix/store/dk7syq8z63m2yladi5ilm7fm1m9iqqlz-unit-dbus.service.drv
  /nix/store/1w9dnxi1h5xi681m07dzlk9psm6rz03v-user-units.drv
  /nix/store/2gk0p12h5shg6mj9q2sh12cgnv6aw7i2-unit-dbus.service.drv
  /nix/store/gmw7jv6mnjmwqfxvcknbyfc45lc9gyv8-etc-systemd-system.conf.drv
  /nix/store/bjvjx0zlsnl76yfg28jbwxhzgkn0kckw-unit-sshd.service.drv
  /nix/store/n97wd8pmz7na08i1hslvl04q6pm2syd3-unit-sshd-keygen.service.drv
  /nix/store/vgy38f0wb2dbvyhar7bdr4zl7qw7hd7l-X-Restart-Triggers-systemd-tmpfiles-resetup.drv
  /nix/store/nrh9f9mbdd1imvfvf75snxizpm2nx094-unit-systemd-tmpfiles-resetup.service.drv
  /nix/store/s7p9lc2bfg0nflbf01av838g8sgxhs4b-unit-sshd-.service.drv
  /nix/store/v5b1dn0vr2m24kxw09wl1avv2qcvajaj-unit-firewall.service.drv
  /nix/store/i3ir60749gyvphibapiqx9bmcj4q41cs-system-units.drv
  /nix/store/y3nvdn3j05dhvh3gdac2r9rli3aqw0af-sshd.pam.drv
  /nix/store/bl9nwrpnd2ajmvjslxl4m7vylhvqsmdx-etc.drv
  /nix/store/klj9cg2m7dmn984imazwf70naa0qphp0-users-groups.json.drv
  /nix/store/hcpny227s9z1izmx26dg879vr3ss3zfr-activate.drv
  /nix/store/6nd0yidg58b56x3rjy3nccw66k19vxqc-nixos-system-machine-test.drv
  /nix/store/d4vafzgdml9x9jywbd7ia3mslsaqdch5-closure-info.drv
  /nix/store/ix794cdbv06mc1c76h8pbsqflsjmiysj-run-nixos-vm.drv
  /nix/store/a5ii02ajck689a94fh7y0gn8h0fn6ny0-nixos-vm.drv
  /nix/store/wkc7kmkmbgih3w9zjzmzhcq24di8fvv2-nixos-test-driver-kafka-test-9.drv
  /nix/store/34aj9xh1z1jwrka691fri8sqj9g6br9z-vm-test-run-kafka-test-9.drv
these 5 paths will be fetched (0.00 MiB download, 0.02 MiB unpacked):
  /nix/store/c8c81hfr56nmzv07vrg51jvkigbr579z-check-sshd-config
  /nix/store/6vfysmr70p9p6zpp9apw0512968n3f9n-dry-activate
  /nix/store/wqhlbpas3qijm8alma9y0kfcb3sg902z-sshd.conf-final
  /nix/store/a3bm4j4mr96hld9n0jnlvh262ammfyv3-systemd-generator-environment.json
  /nix/store/crb46z70nrkjhy80r95i7cn7skmprhx5-users-groups.json
copying path '/nix/store/c8c81hfr56nmzv07vrg51jvkigbr579z-check-sshd-config' from 'https://cache.nixos.org'...
copying path '/nix/store/crb46z70nrkjhy80r95i7cn7skmprhx5-users-groups.json' from 'https://cache.nixos.org'...
copying path '/nix/store/wqhlbpas3qijm8alma9y0kfcb3sg902z-sshd.conf-final' from 'https://cache.nixos.org'...
copying path '/nix/store/a3bm4j4mr96hld9n0jnlvh262ammfyv3-systemd-generator-environment.json' from 'https://cache.nixos.org'...
building '/nix/store/6ib05267rmn186bfsy8dmn9gz5aml22l-system-path.drv'...
building '/nix/store/gmw7jv6mnjmwqfxvcknbyfc45lc9gyv8-etc-systemd-system.conf.drv'...
building '/nix/store/y3nvdn3j05dhvh3gdac2r9rli3aqw0af-sshd.pam.drv'...
building '/nix/store/hl71jif6ja613d4jjbmr62hibhrwfg3s-nixos-tmpfiles.d.drv'...
building '/nix/store/v5b1dn0vr2m24kxw09wl1avv2qcvajaj-unit-firewall.service.drv'...
building '/nix/store/s7p9lc2bfg0nflbf01av838g8sgxhs4b-unit-sshd-.service.drv'...
building '/nix/store/n97wd8pmz7na08i1hslvl04q6pm2syd3-unit-sshd-keygen.service.drv'...
copying path '/nix/store/6vfysmr70p9p6zpp9apw0512968n3f9n-dry-activate' from 'https://cache.nixos.org'...
building '/nix/store/0z9ckgiqpvw0npajqs76syjc8w510jhk-X-Restart-Triggers-sshd.drv'...
building '/nix/store/1qhkv8hmggpmyhvm13lyv4laiyvdp7am-tmpfiles.d.drv'...
building '/nix/store/bjvjx0zlsnl76yfg28jbwxhzgkn0kckw-unit-sshd.service.drv'...
building '/nix/store/vgy38f0wb2dbvyhar7bdr4zl7qw7hd7l-X-Restart-Triggers-systemd-tmpfiles-resetup.drv'...
building '/nix/store/nrh9f9mbdd1imvfvf75snxizpm2nx094-unit-systemd-tmpfiles-resetup.service.drv'...
building '/nix/store/nwlsl96a5d2i8n6glwbza2xbhrfd7j3i-dbus-1.drv'...
building '/nix/store/xc4v1fxmmjlipq8d3i3msnwh9bwvhyx3-X-Restart-Triggers-dbus.drv'...
building '/nix/store/2gk0p12h5shg6mj9q2sh12cgnv6aw7i2-unit-dbus.service.drv'...
building '/nix/store/dk7syq8z63m2yladi5ilm7fm1m9iqqlz-unit-dbus.service.drv'...
building '/nix/store/i3ir60749gyvphibapiqx9bmcj4q41cs-system-units.drv'...
building '/nix/store/1w9dnxi1h5xi681m07dzlk9psm6rz03v-user-units.drv'...
building '/nix/store/bl9nwrpnd2ajmvjslxl4m7vylhvqsmdx-etc.drv'...
building '/nix/store/hcpny227s9z1izmx26dg879vr3ss3zfr-activate.drv'...
building '/nix/store/6nd0yidg58b56x3rjy3nccw66k19vxqc-nixos-system-machine-test.drv'...
building '/nix/store/d4vafzgdml9x9jywbd7ia3mslsaqdch5-closure-info.drv'...
building '/nix/store/ix794cdbv06mc1c76h8pbsqflsjmiysj-run-nixos-vm.drv'...
building '/nix/store/a5ii02ajck689a94fh7y0gn8h0fn6ny0-nixos-vm.drv'...
building '/nix/store/wkc7kmkmbgih3w9zjzmzhcq24di8fvv2-nixos-test-driver-kafka-test-9.drv'...
building '/nix/store/34aj9xh1z1jwrka691fri8sqj9g6br9z-vm-test-run-kafka-test-9.drv'...
warning: ignoring the client-specified setting 'netrc-file', because it is a restricted setting and you are not a trusted user
warning: ignoring the client-specified setting 'trusted-public-keys', because it is a restricted setting and you are not a trusted user
got build log for '/nix/store/4i926n7lfb6f1sfk0czdaxkvzmrafsv3-vm-test-run-kafka-test-9' from 'daemon'
Machine state will be reset. To keep it, pass --keep-machine-state
[1m[32mstart all VLans[0m
start vlan
creating tap interface vde-tap1
running vlan (pid 7; ctl /build/vde1.ctl)
(finished: start all VLans, in 0.00 seconds)
Test will time out and terminate in 3600 seconds
vde_plug2tap: Failed to open /dev/net/tun No such file or directory
[1m[32mrun the VM test script[0m
additionally exposed symbols:
    machine,
    vlan1,
    start_all, test_script, machines_qemu, machines_nspawn, vlans, driver, log, os, create_machine, subtest, run_tests, join_all, retry, serial_stdout_off, serial_stdout_on, polling_condition, BaseMachine, t, debug
machine: [1m[32mmust succeed: which kafka-topics.sh[0m
machine: [1m[32mwaiting for the VM to finish booting[0m
machine: starting vm
mke2fs 1.47.3 (8-Jul-2025)
[2mmachine # Disk image does not exist, creating the virtualisation disk image...[0m
[2mmachine # Formatting '/build/vm-state-machine/tmp.eGRzU80ETa', fmt=raw size=1073741824[0m
[2mmachine # Discarding device blocks:      0/262144             done[0m
[2mmachine # Creating filesystem with 262144 4k blocks and 65536 inodes[0m
[2mmachine # Filesystem UUID: ad270dcd-a5a5-4d9e-a954-e93474dfd119[0m
[2mmachine # Superblock backups stored on blocks:[0m
[2mmachine # 	32768, 98304, 163840, 229376[0m
[2mmachine # [0m
[2mmachine # Allocating group tables: 0/8   done[0m
[2mmachine # Writing inode tables: 0/8   done[0m
[2mmachine # Creating journal (8192 blocks): done[0m
[2mmachine # Writing superblocks and filesystem accounting information: 0/8   done[0m
[2mmachine # [0m
[2mmachine # Virtualisation disk image created.[0m
machine: QEMU running (pid 10)
[2mmachine # c[?7l[2J[0mSeaBIOS (version rel-1.17.0-0-gb52ca86e094d-prebuilt.qemu.org)[0m
[2mmachine # [0m
[2mmachine # [0m
[2mmachine # iPXE (http://ipxe.org) 00:03.0 CA00 PCI2.10 PnP PMM+BEFD1920+BEF31920 CA00[0m
[2mmachine # Press Ctrl-B to configure iPXE (PCI 00:03.0)...[0m
[2mmachine # [0m
[2mmachine # [0m
[2mmachine # [0m
[2mmachine # [0m
[2mmachine # iPXE (http://ipxe.org) 00:09.0 CB00 PCI2.10 PnP PMM BEFD1920 BEF31920 CB00[0m
[2mmachine # Press Ctrl-B to configure iPXE (PCI 00:09.0)...[0m
[2mmachine # [0m
[2mmachine # [0m
[2mmachine # Booting from ROM...[0m
[2mmachine # Probing EDD (edd=off to disable)... oc[?7l[2J[0mk[    0.000000] Linux version 6.18.20 (nixbld@localhost) (gcc (GCC) 15.2.0, GNU ld (GNU Binutils) 2.44) #1-NixOS SMP PREEMPT_DYNAMIC Wed Mar 25 10:10:46 UTC 2026[0m
[2mmachine # [    0.000000] Command line: console=ttyS0 console=tty0 panic=1 boot.panic_on_fail clocksource=acpi_pm loglevel=7 net.ifnames=0 lsm=landlock,yama,bpf init=/nix/store/d82hp4d1iq4km5c4jagnkkq3kyyalp3s-nixos-system-machine-test/init regInfo=/nix/store/5d7avdgm2bs3x65hdmf56ix3pzc74l77-closure-info/registration console=ttyS0,115200n8 console=tty0[0m
[2mmachine # [    0.000000] BIOS-provided physical RAM map:[0m
[2mmachine # [    0.000000] BIOS-e820: [mem 0x0000000000000000-0x000000000009fbff] usable[0m
[2mmachine # [    0.000000] BIOS-e820: [mem 0x000000000009fc00-0x000000000009ffff] reserved[0m
[2mmachine # [    0.000000] BIOS-e820: [mem 0x00000000000f0000-0x00000000000fffff] reserved[0m
[2mmachine # [    0.000000] BIOS-e820: [mem 0x0000000000100000-0x00000000bffdafff] usable[0m
[2mmachine # [    0.000000] BIOS-e820: [mem 0x00000000bffdb000-0x00000000bfffffff] reserved[0m
[2mmachine # [    0.000000] BIOS-e820: [mem 0x00000000feffc000-0x00000000feffffff] reserved[0m
[2mmachine # [    0.000000] BIOS-e820: [mem 0x00000000fffc0000-0x00000000ffffffff] reserved[0m
[2mmachine # [    0.000000] BIOS-e820: [mem 0x0000000100000000-0x000000013fffffff] usable[0m
[2mmachine # [    0.000000] BIOS-e820: [mem 0x000000fd00000000-0x000000ffffffffff] reserved[0m
[2mmachine # [    0.000000] NX (Execute Disable) protection: active[0m
[2mmachine # [    0.000000] APIC: Static calls initialized[0m
[2mmachine # [    0.000000] SMBIOS 2.8 present.[0m
[2mmachine # [    0.000000] DMI: QEMU Standard PC (i440FX + PIIX, 1996), BIOS rel-1.17.0-0-gb52ca86e094d-prebuilt.qemu.org 04/01/2014[0m
[2mmachine # [    0.000000] DMI: Memory slots populated: 1/1[0m
[2mmachine # [    0.000000] Hypervisor detected: KVM[0m
[2mmachine # [    0.000000] last_pfn = 0xbffdb max_arch_pfn = 0x400000000[0m
[2mmachine # [    0.000000] kvm-clock: Using msrs 4b564d01 and 4b564d00[0m
[2mmachine # [    0.000000] kvm-clock: using sched offset of 264061980 cycles[0m
[2mmachine # [    0.000001] clocksource: kvm-clock: mask: 0xffffffffffffffff max_cycles: 0x1cd42e4dffb, max_idle_ns: 881590591483 ns[0m
[2mmachine # [    0.000002] tsc: Detected 4691.184 MHz processor[0m
[2mmachine # [    0.000535] last_pfn = 0x140000 max_arch_pfn = 0x400000000[0m
[2mmachine # [    0.000559] MTRR map: 4 entries (3 fixed + 1 variable; max 19), built from 8 variable MTRRs[0m
[2mmachine # [    0.000561] x86/PAT: Configuration [0-7]: WB  WC  UC- UC  WB  WP  UC- WT[0m
[2mmachine # [    0.000594] last_pfn = 0xbffdb max_arch_pfn = 0x400000000[0m
[2mmachine # [    0.002038] found SMP MP-table at [mem 0x000f5470-0x000f547f][0m
[2mmachine # [    0.002047] Using GB pages for direct mapping[0m
[2mmachine # [    0.002211] RAMDISK: [mem 0xbf3a4000-0xbffcffff][0m
[2mmachine # [    0.002214] ACPI: Early table checksum verification disabled[0m
[2mmachine # [    0.002215] ACPI: RSDP 0x00000000000F5270 000014 (v00 BOCHS )[0m
[2mmachine # [    0.002217] ACPI: RSDT 0x00000000BFFE23D9 000034 (v01 BOCHS  BXPC     00000001 BXPC 00000001)[0m
[2mmachine # [    0.002219] ACPI: FACP 0x00000000BFFE228D 000074 (v01 BOCHS  BXPC     00000001 BXPC 00000001)[0m
[2mmachine # [    0.002221] ACPI: DSDT 0x00000000BFFE0040 00224D (v01 BOCHS  BXPC     00000001 BXPC 00000001)[0m
[2mmachine # [    0.002222] ACPI: FACS 0x00000000BFFE0000 000040[0m
[2mmachine # [    0.002223] ACPI: APIC 0x00000000BFFE2301 000078 (v03 BOCHS  BXPC     00000001 BXPC 00000001)[0m
[2mmachine # [    0.002225] ACPI: HPET 0x00000000BFFE2379 000038 (v01 BOCHS  BXPC     00000001 BXPC 00000001)[0m
[2mmachine # [    0.002226] ACPI: WAET 0x00000000BFFE23B1 000028 (v01 BOCHS  BXPC     00000001 BXPC 00000001)[0m
[2mmachine # [    0.002227] ACPI: Reserving FACP table memory at [mem 0xbffe228d-0xbffe2300][0m
[2mmachine # [    0.002227] ACPI: Reserving DSDT table memory at [mem 0xbffe0040-0xbffe228c][0m
[2mmachine # [    0.002228] ACPI: Reserving FACS table memory at [mem 0xbffe0000-0xbffe003f][0m
[2mmachine # [    0.002228] ACPI: Reserving APIC table memory at [mem 0xbffe2301-0xbffe2378][0m
[2mmachine # [    0.002228] ACPI: Reserving HPET table memory at [mem 0xbffe2379-0xbffe23b0][0m
[2mmachine # [    0.002229] ACPI: Reserving WAET table memory at [mem 0xbffe23b1-0xbffe23d8][0m
[2mmachine # [    0.002519] No NUMA configuration found[0m
[2mmachine # [    0.002520] Faking a node at [mem 0x0000000000000000-0x000000013fffffff][0m
[2mmachine # [    0.002522] NODE_DATA(0) allocated [mem 0x13fff8780-0x13fffdcff][0m
[2mmachine # [    0.002534] Zone ranges:[0m
[2mmachine # [    0.002534]   DMA      [mem 0x0000000000001000-0x0000000000ffffff][0m
[2mmachine # [    0.002536]   DMA32    [mem 0x0000000001000000-0x00000000ffffffff][0m
[2mmachine # [    0.002536]   Normal   [mem 0x0000000100000000-0x000000013fffffff][0m
[2mmachine # [    0.002537]   Device   empty[0m
[2mmachine # [    0.002537] Movable zone start for each node[0m
[2mmachine # [    0.002538] Early memory node ranges[0m
[2mmachine # [    0.002538]   node   0: [mem 0x0000000000001000-0x000000000009efff][0m
[2mmachine # [    0.002539]   node   0: [mem 0x0000000000100000-0x00000000bffdafff][0m
[2mmachine # [    0.002539]   node   0: [mem 0x0000000100000000-0x000000013fffffff][0m
[2mmachine # [    0.002540] Initmem setup node 0 [mem 0x0000000000001000-0x000000013fffffff][0m
[2mmachine # [    0.002590] On node 0, zone DMA: 1 pages in unavailable ranges[0m
[2mmachine # [    0.002599] On node 0, zone DMA: 97 pages in unavailable ranges[0m
[2mmachine # [    0.006350] On node 0, zone Normal: 37 pages in unavailable ranges[0m
[2mmachine # [    0.006983] ACPI: PM-Timer IO Port: 0x608[0m
[2mmachine # [    0.006993] ACPI: LAPIC_NMI (acpi_id[0xff] dfl dfl lint[0x1])[0m
[2mmachine # [    0.007014] IOAPIC[0]: apic_id 0, version 17, address 0xfec00000, GSI 0-23[0m
[2mmachine # [    0.007016] ACPI: INT_SRC_OVR (bus 0 bus_irq 0 global_irq 2 dfl dfl)[0m
[2mmachine # [    0.007017] ACPI: INT_SRC_OVR (bus 0 bus_irq 5 global_irq 5 high level)[0m
[2mmachine # [    0.007018] ACPI: INT_SRC_OVR (bus 0 bus_irq 9 global_irq 9 high level)[0m
[2mmachine # [    0.007018] ACPI: INT_SRC_OVR (bus 0 bus_irq 10 global_irq 10 high level)[0m
[2mmachine # [    0.007019] ACPI: INT_SRC_OVR (bus 0 bus_irq 11 global_irq 11 high level)[0m
[2mmachine # [    0.007020] ACPI: Using ACPI (MADT) for SMP configuration information[0m
[2mmachine # [    0.007021] ACPI: HPET id: 0x8086a201 base: 0xfed00000[0m
[2mmachine # [    0.007024] TSC deadline timer available[0m
[2mmachine # [    0.007027] CPU topo: Max. logical packages:   1[0m
[2mmachine # [    0.007028] CPU topo: Max. logical dies:       1[0m
[2mmachine # [    0.007028] CPU topo: Max. dies per package:   1[0m
[2mmachine # [    0.007030] CPU topo: Max. threads per core:   1[0m
[2mmachine # [    0.007031] CPU topo: Num. cores per package:     1[0m
[2mmachine # [    0.007031] CPU topo: Num. threads per package:   1[0m
[2mmachine # [    0.007031] CPU topo: Allowing 1 present CPUs plus 0 hotplug CPUs[0m
[2mmachine # [    0.007044] kvm-guest: APIC: eoi() replaced with kvm_guest_apic_eoi_write()[0m
[2mmachine # [    0.007062] PM: hibernation: Registered nosave memory: [mem 0x00000000-0x00000fff][0m
[2mmachine # [    0.007063] PM: hibernation: Registered nosave memory: [mem 0x0009f000-0x000fffff][0m
[2mmachine # [    0.007064] PM: hibernation: Registered nosave memory: [mem 0xbffdb000-0xffffffff][0m
[2mmachine # [    0.007065] [mem 0xc0000000-0xfeffbfff] available for PCI devices[0m
[2mmachine # [    0.007065] Booting paravirtualized kernel on KVM[0m
[2mmachine # [    0.007067] clocksource: refined-jiffies: mask: 0xffffffff max_cycles: 0xffffffff, max_idle_ns: 1910969940391419 ns[0m
[2mmachine # [    0.009963] setup_percpu: NR_CPUS:384 nr_cpumask_bits:1 nr_cpu_ids:1 nr_node_ids:1[0m
[2mmachine # [    0.010095] percpu: Embedded 98 pages/cpu s278528 r8192 d114688 u2097152[0m
[2mmachine # [    0.010119] kvm-guest: PV spinlocks disabled, single CPU[0m
[2mmachine # [    0.010120] Kernel command line: console=ttyS0 console=tty0 panic=1 boot.panic_on_fail clocksource=acpi_pm loglevel=7 net.ifnames=0 lsm=landlock,yama,bpf init=/nix/store/d82hp4d1iq4km5c4jagnkkq3kyyalp3s-nixos-system-machine-test/init regInfo=/nix/store/5d7avdgm2bs3x65hdmf56ix3pzc74l77-closure-info/registration console=ttyS0,115200n8 console=tty0[0m
[2mmachine # [    0.010174] Unknown kernel command line parameters "regInfo=/nix/store/5d7avdgm2bs3x65hdmf56ix3pzc74l77-closure-info/registration", will be passed to user space.[0m
[2mmachine # [    0.010366] random: crng init done[0m
[2mmachine # [    0.010367] printk: log buffer data + meta data: 262144 + 917504 = 1179648 bytes[0m
[2mmachine # [    0.010570] Dentry cache hash table entries: 524288 (order: 10, 4194304 bytes, linear)[0m
[2mmachine # [    0.010677] Inode-cache hash table entries: 262144 (order: 9, 2097152 bytes, linear)[0m
[2mmachine # [    0.010692] software IO TLB: area num 1.[0m
[2mmachine # [    0.015570] Fallback order for Node 0: 0[0m
[2mmachine # [    0.015574] Built 1 zonelists, mobility grouping on.  Total pages: 1048441[0m
[2mmachine # [    0.015575] Policy zone: Normal[0m
[2mmachine # [    0.015696] mem auto-init: stack:all(zero), heap alloc:on, heap free:off[0m
[2mmachine # [    0.020315] SLUB: HWalign=64, Order=0-3, MinObjects=0, CPUs=1, Nodes=1[0m
[2mmachine # [    0.020731] allocated 8388608 bytes of page_ext[0m
[2mmachine # [    0.026978] ftrace: allocating 48406 entries in 192 pages[0m
[2mmachine # [    0.026978] ftrace: allocated 192 pages with 2 groups[0m
[2mmachine # [    0.027297] Dynamic Preempt: lazy[0m
[2mmachine # [    0.027399] rcu: Preemptible hierarchical RCU implementation.[0m
[2mmachine # [    0.027399] rcu: 	RCU event tracing is enabled.[0m
[2mmachine # [    0.027399] rcu: 	RCU restricting CPUs from NR_CPUS=384 to nr_cpu_ids=1.[0m
[2mmachine # [    0.027400] 	Trampoline variant of Tasks RCU enabled.[0m
[2mmachine # [    0.027400] 	Rude variant of Tasks RCU enabled.[0m
[2mmachine # [    0.027401] 	Tracing variant of Tasks RCU enabled.[0m
[2mmachine # [    0.027401] rcu: RCU calculated value of scheduler-enlistment delay is 100 jiffies.[0m
[2mmachine # [    0.027402] rcu: Adjusting geometry for rcu_fanout_leaf=16, nr_cpu_ids=1[0m
[2mmachine # [    0.027405] RCU Tasks: Setting shift to 0 and lim to 1 rcu_task_cb_adjust=1 rcu_task_cpu_ids=1.[0m
[2mmachine # [    0.027406] RCU Tasks Rude: Setting shift to 0 and lim to 1 rcu_task_cb_adjust=1 rcu_task_cpu_ids=1.[0m
[2mmachine # [    0.027407] RCU Tasks Trace: Setting shift to 0 and lim to 1 rcu_task_cb_adjust=1 rcu_task_cpu_ids=1.[0m
[2mmachine # [    0.029818] NR_IRQS: 24832, nr_irqs: 256, preallocated irqs: 16[0m
[2mmachine # [    0.029996] rcu: srcu_init: Setting srcu_struct sizes based on contention.[0m
[2mmachine # [    0.030135] kfence: initialized - using 2097152 bytes for 255 objects at 0x(____ptrval____)-0x(____ptrval____)[0m
[2mmachine # [    0.034803] Console: colour VGA+ 80x25[0m
[2mmachine # [    0.034805] printk: legacy console [tty0] enabled[0m
[2mmachine # [    0.061678] printk: legacy console [ttyS0] enabled[0m
[2mmachine # [    0.181207] ACPI: Core revision 20250807[0m
[2mmachine # [    0.182098] clocksource: hpet: mask: 0xffffffff max_cycles: 0xffffffff, max_idle_ns: 19112604467 ns[0m
[2mmachine # [    0.183849] APIC: Switch to symmetric I/O mode setup[0m
[2mmachine # [    0.184915] x2apic enabled[0m
[2mmachine # [    0.185649] APIC: Switched APIC routing to: physical x2apic[0m
[2mmachine # [    0.187406] ..TIMER: vector=0x30 apic1=0 pin1=2 apic2=-1 pin2=-1[0m
[2mmachine # [    0.188537] clocksource: tsc-early: mask: 0xffffffffffffffff max_cycles: 0x439ee417eeb, max_idle_ns: 440795249536 ns[0m
[2mmachine # [    0.190438] Calibrating delay loop (skipped) preset value.. 9382.36 BogoMIPS (lpj=4691184)[0m
[2mmachine # [    0.191516] x86/cpu: User Mode Instruction Prevention (UMIP) activated[0m
[2mmachine # [    0.192504] Last level iTLB entries: 4KB 512, 2MB 255, 4MB 127[0m
[2mmachine # [    0.193438] Last level dTLB entries: 4KB 512, 2MB 255, 4MB 127, 1GB 0[0m
[2mmachine # [    0.194441] mitigations: Enabled attack vectors: user_kernel, user_user, guest_host, guest_guest, SMT mitigations: auto[0m
[2mmachine # [    0.196438] Speculative Store Bypass: Mitigation: Speculative Store Bypass disabled via prctl[0m
[2mmachine # [    0.197439] Spectre V2 : Mitigation: Enhanced / Automatic IBRS[0m
[2mmachine # [    0.198438] Speculative Return Stack Overflow: Mitigation: Safe RET[0m
[2mmachine # [    0.199438] Spectre V1 : Mitigation: usercopy/swapgs barriers and __user pointer sanitization[0m
[2mmachine # [    0.200442] Spectre V2 : mitigation: Enabling conditional Indirect Branch Prediction Barrier[0m
[2mmachine # [    0.202438] active return thunk: srso_alias_return_thunk[0m
[2mmachine # [    0.204237] x86/fpu: Supporting XSAVE feature 0x001: 'x87 floating point registers'[0m
[2mmachine # [    0.205438] x86/fpu: Supporting XSAVE feature 0x002: 'SSE registers'[0m
[2mmachine # [    0.206438] x86/fpu: Supporting XSAVE feature 0x004: 'AVX registers'[0m
[2mmachine # [    0.207438] x86/fpu: Supporting XSAVE feature 0x020: 'AVX-512 opmask'[0m
[2mmachine # [    0.208438] x86/fpu: Supporting XSAVE feature 0x040: 'AVX-512 Hi256'[0m
[2mmachine # [    0.209438] x86/fpu: Supporting XSAVE feature 0x080: 'AVX-512 ZMM_Hi256'[0m
[2mmachine # [    0.211438] x86/fpu: Supporting XSAVE feature 0x200: 'Protection Keys User registers'[0m
[2mmachine # [    0.212439] x86/fpu: xstate_offset[2]:  576, xstate_sizes[2]:  256[0m
[2mmachine # [    0.213438] x86/fpu: xstate_offset[5]:  832, xstate_sizes[5]:   64[0m
[2mmachine # [    0.214438] x86/fpu: xstate_offset[6]:  896, xstate_sizes[6]:  512[0m
[2mmachine # [    0.216345] x86/fpu: xstate_offset[7]: 1408, xstate_sizes[7]: 1024[0m
[2mmachine # [    0.217438] x86/fpu: xstate_offset[9]: 2432, xstate_sizes[9]:    8[0m
[2mmachine # [    0.218438] x86/fpu: Enabled xstate features 0x2e7, context size is 2440 bytes, using 'compacted' format.[0m
[2mmachine # [    0.240633] Freeing SMP alternatives memory: 44K[0m
[2mmachine # [    0.241439] pid_max: default: 32768 minimum: 301[0m
[2mmachine # [    0.242320] LSM: initializing lsm=capability,landlock,yama,bpf,ima[0m
[2mmachine # [    0.243497] landlock: Up and running.[0m
[2mmachine # [    0.244204] Yama: becoming mindful.[0m
[2mmachine # [    0.245093] LSM support for eBPF active[0m
[2mmachine # [    0.245469] Mount-cache hash table entries: 8192 (order: 4, 65536 bytes, linear)[0m
[2mmachine # [    0.246440] Mountpoint-cache hash table entries: 8192 (order: 4, 65536 bytes, linear)[0m
[2mmachine # [    0.248685] smpboot: CPU0: AMD Ryzen 9 7900X 12-Core Processor (family: 0x19, model: 0x61, stepping: 0x2)[0m
[2mmachine # [    0.249655] Performance Events: Fam17h+ core perfctr, AMD PMU driver.[0m
[2mmachine # [    0.250445] ... version:                   2[0m
[2mmachine # [    0.251259] ... bit width:                 48[0m
[2mmachine # [    0.252089] ... generic counters:          6[0m
[2mmachine # [    0.252439] ... generic bitmap:            000000000000003f[0m
[2mmachine # [    0.253439] ... fixed-purpose counters:    0[0m
[2mmachine # [    0.254235] ... fixed-purpose bitmap:      0000000000000000[0m
[2mmachine # [    0.255239] ... value mask:                0000ffffffffffff[0m
[2mmachine # [    0.256236] ... max period:                00007fffffffffff[0m
[2mmachine # [    0.257237] ... global_ctrl mask:          000000000000003f[0m
[2mmachine # [    0.257503] signal: max sigframe size: 3376[0m
[2mmachine # [    0.258319] rcu: Hierarchical SRCU implementation.[0m
[2mmachine # [    0.259145] rcu: 	Max phase no-delay instances is 400.[0m
[2mmachine # [    0.261791] smp: Bringing up secondary CPUs ...[0m
[2mmachine # [    0.262448] smp: Brought up 1 node, 1 CPU[0m
[2mmachine # [    0.263224] smpboot: Total of 1 processors activated (9382.36 BogoMIPS)[0m
[2mmachine # [    0.263510] Memory: 3978240K/4193764K available (17054K kernel code, 2716K rwdata, 13480K rodata, 3632K init, 3040K bss, 201044K reserved, 0K cma-reserved)[0m
[2mmachine # [    0.264535] devtmpfs: initialized[0m
[2mmachine # [    0.265240] x86/mm: Memory block size: 128MB[0m
[2mmachine # [    0.266028] clocksource: jiffies: mask: 0xffffffff max_cycles: 0xffffffff, max_idle_ns: 1911260446275000 ns[0m
[2mmachine # [    0.266450] posixtimers hash table entries: 512 (order: 1, 8192 bytes, linear)[0m
[2mmachine # [    0.267443] futex hash table entries: 256 (16384 bytes on 1 NUMA nodes, total 16 KiB, linear).[0m
[2mmachine # [    0.268480] pinctrl core: initialized pinctrl subsystem[0m
[2mmachine # [    0.269565] PM: RTC time: 22:46:44, date: 2026-04-08[0m
[2mmachine # [    0.270766] NET: Registered PF_NETLINK/PF_ROUTE protocol family[0m
[2mmachine # [    0.271558] DMA: preallocated 512 KiB GFP_KERNEL pool for atomic allocations[0m
[2mmachine # [    0.272452] DMA: preallocated 512 KiB GFP_KERNEL|GFP_DMA pool for atomic allocations[0m
[2mmachine # [    0.273507] DMA: preallocated 512 KiB GFP_KERNEL|GFP_DMA32 pool for atomic allocations[0m
[2mmachine # [    0.274445] audit: initializing netlink subsys (disabled)[0m
[2mmachine # [    0.275540] thermal_sys: Registered thermal governor 'fair_share'[0m
[2mmachine # [    0.275541] thermal_sys: Registered thermal governor 'bang_bang'[0m
[2mmachine # [    0.276441] audit: type=2000 audit(1775688404.926:1): state=initialized audit_enabled=0 res=1[0m
[2mmachine # [    0.278441] thermal_sys: Registered thermal governor 'step_wise'[0m
[2mmachine # [    0.278442] thermal_sys: Registered thermal governor 'user_space'[0m
[2mmachine # [    0.279439] thermal_sys: Registered thermal governor 'power_allocator'[0m
[2mmachine # [    0.280450] cpuidle: using governor menu[0m
[2mmachine # [    0.282921] acpiphp: ACPI Hot Plug PCI Controller Driver version: 0.5[0m
[2mmachine # [    0.283557] PCI: Using configuration type 1 for base access[0m
[2mmachine # [    0.284439] PCI: Using configuration type 1 for extended access[0m
[2mmachine # [    0.285547] kprobes: kprobe jump-optimization is enabled. All kprobes are optimized if possible.[0m
[2mmachine # [    0.290652] HugeTLB: registered 1.00 GiB page size, pre-allocated 0 pages[0m
[2mmachine # [    0.291439] HugeTLB: 16380 KiB vmemmap can be freed for a 1.00 GiB page[0m
[2mmachine # [    0.296439] HugeTLB: registered 2.00 MiB page size, pre-allocated 0 pages[0m
[2mmachine # [    0.297439] HugeTLB: 28 KiB vmemmap can be freed for a 2.00 MiB page[0m
[2mmachine # [    0.304579] ACPI: Added _OSI(Module Device)[0m
[2mmachine # [    0.305374] ACPI: Added _OSI(Processor Device)[0m
[2mmachine # [    0.306104] ACPI: Added _OSI(Processor Aggregator Device)[0m
[2mmachine # [    0.310571] ACPI: 1 ACPI AML tables successfully acquired and loaded[0m
[2mmachine # [    0.314456] ACPI: Interpreter enabled[0m
[2mmachine # [    0.315181] ACPI: PM: (supports S0 S3 S4 S5)[0m
[2mmachine # [    0.315439] ACPI: Using IOAPIC for interrupt routing[0m
[2mmachine # [    0.316381] PCI: Using host bridge windows from ACPI; if necessary, use "pci=nocrs" and report a bug[0m
[2mmachine # [    0.319286] PCI: Using E820 reservations for host bridge windows[0m
[2mmachine # [    0.320401] ACPI: Enabled 2 GPEs in block 00 to 0F[0m
[2mmachine # [    0.323784] ACPI: PCI Root Bridge [PCI0] (domain 0000 [bus 00-ff])[0m
[2mmachine # [    0.324443] acpi PNP0A03:00: _OSC: OS supports [ExtendedConfig ASPM ClockPM Segments MSI HPX-Type3][0m
[2mmachine # [    0.325647] acpiphp: Slot [3] registered[0m
[2mmachine # [    0.326428] acpiphp: Slot [4] registered[0m
[2mmachine # [    0.327036] acpiphp: Slot [5] registered[0m
[2mmachine # [    0.327462] acpiphp: Slot [6] registered[0m
[2mmachine # [    0.328249] acpiphp: Slot [7] registered[0m
[2mmachine # [    0.328460] acpiphp: Slot [8] registered[0m
[2mmachine # [    0.329245] acpiphp: Slot [9] registered[0m
[2mmachine # [    0.329462] acpiphp: Slot [10] registered[0m
[2mmachine # [    0.330252] acpiphp: Slot [11] registered[0m
[2mmachine # [    0.330461] acpiphp: Slot [12] registered[0m
[2mmachine # [    0.331256] acpiphp: Slot [13] registered[0m
[2mmachine # [    0.332055] acpiphp: Slot [14] registered[0m
[2mmachine # [    0.332460] acpiphp: Slot [15] registered[0m
[2mmachine # [    0.333251] acpiphp: Slot [16] registered[0m
[2mmachine # [    0.333462] acpiphp: Slot [17] registered[0m
[2mmachine # [    0.334249] acpiphp: Slot [18] registered[0m
[2mmachine # [    0.334460] acpiphp: Slot [19] registered[0m
[2mmachine # [    0.335251] acpiphp: Slot [20] registered[0m
[2mmachine # [    0.335461] acpiphp: Slot [21] registered[0m
[2mmachine # [    0.336261] acpiphp: Slot [22] registered[0m
[2mmachine # [    0.337056] acpiphp: Slot [23] registered[0m
[2mmachine # [    0.337460] acpiphp: Slot [24] registered[0m
[2mmachine # [    0.338252] acpiphp: Slot [25] registered[0m
[2mmachine # [    0.338462] acpiphp: Slot [26] registered[0m
[2mmachine # [    0.339262] acpiphp: Slot [27] registered[0m
[2mmachine # [    0.340051] acpiphp: Slot [28] registered[0m
[2mmachine # [    0.340460] acpiphp: Slot [29] registered[0m
[2mmachine # [    0.341251] acpiphp: Slot [30] registered[0m
[2mmachine # [    0.341460] acpiphp: Slot [31] registered[0m
[2mmachine # [    0.342245] PCI host bridge to bus 0000:00[0m
[2mmachine # [    0.342443] pci_bus 0000:00: root bus resource [io  0x0000-0x0cf7 window][0m
[2mmachine # [    0.343440] pci_bus 0000:00: root bus resource [io  0x0d00-0xffff window][0m
[2mmachine # [    0.344440] pci_bus 0000:00: root bus resource [mem 0x000a0000-0x000bffff window][0m
[2mmachine # [    0.345440] pci_bus 0000:00: root bus resource [mem 0xc0000000-0xfebfffff window][0m
[2mmachine # [    0.346440] pci_bus 0000:00: root bus resource [mem 0xe0000000000-0xe007fffffff window][0m
[2mmachine # [    0.347440] pci_bus 0000:00: root bus resource [bus 00-ff][0m
[2mmachine # [    0.348653] pci 0000:00:00.0: [8086:1237] type 00 class 0x060000 conventional PCI endpoint[0m
[2mmachine # [    0.349994] pci 0000:00:01.0: [8086:7000] type 00 class 0x060100 conventional PCI endpoint[0m
[2mmachine # [    0.351008] pci 0000:00:01.1: [8086:7010] type 00 class 0x010180 conventional PCI endpoint[0m
[2mmachine # [    0.352242] pci 0000:00:01.1: BAR 4 [io  0xc1e0-0xc1ef][0m
[2mmachine # [    0.353259] pci 0000:00:01.1: BAR 0 [io  0x01f0-0x01f7]: legacy IDE quirk[0m
[2mmachine # [    0.354443] pci 0000:00:01.1: BAR 1 [io  0x03f6]: legacy IDE quirk[0m
[2mmachine # [    0.355440] pci 0000:00:01.1: BAR 2 [io  0x0170-0x0177]: legacy IDE quirk[0m
[2mmachine # [    0.356440] pci 0000:00:01.1: BAR 3 [io  0x0376]: legacy IDE quirk[0m
[2mmachine # [    0.357632] pci 0000:00:01.2: [8086:7020] type 00 class 0x0c0300 conventional PCI endpoint[0m
[2mmachine # [    0.359280] pci 0000:00:01.2: BAR 4 [io  0xc100-0xc11f][0m
[2mmachine # [    0.360980] pci 0000:00:01.3: [8086:7113] type 00 class 0x068000 conventional PCI endpoint[0m
[2mmachine # [    0.361858] pci 0000:00:01.3: quirk: [io  0x0600-0x063f] claimed by PIIX4 ACPI[0m
[2mmachine # [    0.362449] pci 0000:00:01.3: quirk: [io  0x0700-0x070f] claimed by PIIX4 SMB[0m
[2mmachine # [    0.363688] pci 0000:00:02.0: [1234:1111] type 00 class 0x030000 conventional PCI endpoint[0m
[2mmachine # [    0.366034] pci 0000:00:02.0: BAR 0 [mem 0xfd000000-0xfdffffff pref][0m
[2mmachine # [    0.366457] pci 0000:00:02.0: BAR 2 [mem 0xfebd0000-0xfebd0fff][0m
[2mmachine # [    0.367474] pci 0000:00:02.0: ROM [mem 0xfebc0000-0xfebcffff pref][0m
[2mmachine # [    0.368495] pci 0000:00:02.0: Video device with shadowed ROM at [mem 0x000c0000-0x000dffff][0m
[2mmachine # [    0.369739] pci 0000:00:03.0: [1af4:1000] type 00 class 0x020000 conventional PCI endpoint[0m
[2mmachine # [    0.372154] pci 0000:00:03.0: BAR 0 [io  0xc120-0xc13f][0m
[2mmachine # [    0.372449] pci 0000:00:03.0: BAR 1 [mem 0xfebd1000-0xfebd1fff][0m
[2mmachine # [    0.373474] pci 0000:00:03.0: BAR 4 [mem 0xe0000000000-0xe0000003fff 64bit pref][0m
[2mmachine # [    0.374449] pci 0000:00:03.0: ROM [mem 0xfeb40000-0xfeb7ffff pref][0m
[2mmachine # [    0.376721] pci 0000:00:04.0: [1af4:1005] type 00 class 0x00ff00 conventional PCI endpoint[0m
[2mmachine # [    0.378449] pci 0000:00:04.0: BAR 0 [io  0xc140-0xc15f][0m
[2mmachine # [    0.379422] pci 0000:00:04.0: BAR 1 [mem 0xfebd2000-0xfebd2fff][0m
[2mmachine # [    0.380465] pci 0000:00:04.0: BAR 4 [mem 0xe0000004000-0xe0000007fff 64bit pref][0m
[2mmachine # [    0.382719] pci 0000:00:05.0: [1af4:1009] type 00 class 0x000200 conventional PCI endpoint[0m
[2mmachine # [    0.384449] pci 0000:00:05.0: BAR 0 [io  0xc080-0xc0bf][0m
[2mmachine # [    0.385420] pci 0000:00:05.0: BAR 1 [mem 0xfebd3000-0xfebd3fff][0m
[2mmachine # [    0.386343] pci 0000:00:05.0: BAR 4 [mem 0xe0000008000-0xe000000bfff 64bit pref][0m
[2mmachine # [    0.388820] pci 0000:00:06.0: [1af4:1009] type 00 class 0x000200 conventional PCI endpoint[0m
[2mmachine # [    0.391388] pci 0000:00:06.0: BAR 0 [io  0xc160-0xc17f][0m
[2mmachine # [    0.392322] pci 0000:00:06.0: BAR 1 [mem 0xfebd4000-0xfebd4fff][0m
[2mmachine # [    0.393349] pci 0000:00:06.0: BAR 4 [mem 0xe000000c000-0xe000000ffff 64bit pref][0m
[2mmachine # [    0.395715] pci 0000:00:07.0: [1af4:1009] type 00 class 0x000200 conventional PCI endpoint[0m
[2mmachine # [    0.397365] pci 0000:00:07.0: BAR 0 [io  0xc180-0xc19f][0m
[2mmachine # [    0.398226] pci 0000:00:07.0: BAR 1 [mem 0xfebd5000-0xfebd5fff][0m
[2mmachine # [    0.398475] pci 0000:00:07.0: BAR 4 [mem 0xe0000010000-0xe0000013fff 64bit pref][0m
[2mmachine # [    0.400824] pci 0000:00:08.0: [1af4:1001] type 00 class 0x010000 conventional PCI endpoint[0m
[2mmachine # [    0.402449] pci 0000:00:08.0: BAR 0 [io  0xc000-0xc07f][0m
[2mmachine # [    0.403431] pci 0000:00:08.0: BAR 1 [mem 0xfebd6000-0xfebd6fff][0m
[2mmachine # [    0.404364] pci 0000:00:08.0: BAR 4 [mem 0xe0000014000-0xe0000017fff 64bit pref][0m
[2mmachine # [    0.406727] pci 0000:00:09.0: [1af4:1000] type 00 class 0x020000 conventional PCI endpoint[0m
[2mmachine # [    0.408449] pci 0000:00:09.0: BAR 0 [io  0xc1a0-0xc1bf][0m
[2mmachine # [    0.409420] pci 0000:00:09.0: BAR 1 [mem 0xfebd7000-0xfebd7fff][0m
[2mmachine # [    0.410353] pci 0000:00:09.0: BAR 4 [mem 0xe0000018000-0xe000001bfff 64bit pref][0m
[2mmachine # [    0.411449] pci 0000:00:09.0: ROM [mem 0xfeb80000-0xfebbffff pref][0m
[2mmachine # [    0.413709] pci 0000:00:0a.0: [1af4:1052] type 00 class 0x090000 conventional PCI endpoint[0m
[2mmachine # [    0.415245] pci 0000:00:0a.0: BAR 1 [mem 0xfebd8000-0xfebd8fff][0m
[2mmachine # [    0.416348] pci 0000:00:0a.0: BAR 4 [mem 0xe000001c000-0xe000001ffff 64bit pref][0m
[2mmachine # [    0.418724] pci 0000:00:0b.0: [1af4:1003] type 00 class 0x078000 conventional PCI endpoint[0m
[2mmachine # [    0.420314] pci 0000:00:0b.0: BAR 0 [io  0xc0c0-0xc0ff][0m
[2mmachine # [    0.421210] pci 0000:00:0b.0: BAR 1 [mem 0xfebd9000-0xfebd9fff][0m
[2mmachine # [    0.421474] pci 0000:00:0b.0: BAR 4 [mem 0xe0000020000-0xe0000023fff 64bit pref][0m
[2mmachine # [    0.423731] pci 0000:00:0c.0: [1af4:1005] type 00 class 0x00ff00 conventional PCI endpoint[0m
[2mmachine # [    0.425296] pci 0000:00:0c.0: BAR 0 [io  0xc1c0-0xc1df][0m
[2mmachine # [    0.426216] pci 0000:00:0c.0: BAR 1 [mem 0xfebda000-0xfebdafff][0m
[2mmachine # [    0.426474] pci 0000:00:0c.0: BAR 4 [mem 0xe0000024000-0xe0000027fff 64bit pref][0m
[2mmachine # [    0.431855] ACPI: PCI: Interrupt link LNKA configured for IRQ 10[0m
[2mmachine # [    0.432560] ACPI: PCI: Interrupt link LNKB configured for IRQ 10[0m
[2mmachine # [    0.433558] ACPI: PCI: Interrupt link LNKC configured for IRQ 11[0m
[2mmachine # [    0.434560] ACPI: PCI: Interrupt link LNKD configured for IRQ 11[0m
[2mmachine # [    0.435501] ACPI: PCI: Interrupt link LNKS configured for IRQ 9[0m
[2mmachine # [    0.436683] iommu: Default domain type: Translated[0m
[2mmachine # [    0.437443] iommu: DMA domain TLB invalidation policy: lazy mode[0m
[2mmachine # [    0.438476] ACPI: bus type USB registered[0m
[2mmachine # [    0.439263] usbcore: registered new interface driver usbfs[0m
[2mmachine # [    0.440258] usbcore: registered new interface driver hub[0m
[2mmachine # [    0.441328] usbcore: registered new device driver usb[0m
[2mmachine # [    0.442472] NetLabel: Initializing[0m
[2mmachine # [    0.443160] NetLabel:  domain hash size = 128[0m
[2mmachine # [    0.443439] NetLabel:  protocols = UNLABELED CIPSOv4 CALIPSO[0m
[2mmachine # [    0.444455] NetLabel:  unlabeled traffic allowed by default[0m
[2mmachine # [    0.445443] PCI: Using ACPI for IRQ routing[0m
[2mmachine # [    0.446577] pci 0000:00:02.0: vgaarb: setting as boot VGA device[0m
[2mmachine # [    0.447436] pci 0000:00:02.0: vgaarb: bridge control possible[0m
[2mmachine # [    0.447436] pci 0000:00:02.0: vgaarb: VGA device added: decodes=io+mem,owns=io+mem,locks=none[0m
[2mmachine # [    0.447440] vgaarb: loaded[0m
[2mmachine # [    0.448054] hpet0: at MMIO 0xfed00000, IRQs 2, 8, 0[0m
[2mmachine # [    0.448439] hpet0: 3 comparators, 64-bit 100.000000 MHz counter[0m
[2mmachine # [    0.452456] clocksource: Switched to clocksource kvm-clock[0m
[2mmachine # [    0.453549] VFS: Disk quotas dquot_6.6.0[0m
[2mmachine # [    0.454302] VFS: Dquot-cache hash table entries: 512 (order 0, 4096 bytes)[0m
[2mmachine # [    0.456102] pnp: PnP ACPI init[0m
[2mmachine # [    0.457061] pnp: PnP ACPI: found 6 devices[0m
[2mmachine # [    0.463428] clocksource: acpi_pm: mask: 0xffffff max_cycles: 0xffffff, max_idle_ns: 2085701024 ns[0m
[2mmachine # [    0.465039] clocksource: Switched to clocksource acpi_pm[0m
[2mmachine # [    0.466060] NET: Registered PF_INET protocol family[0m
[2mmachine # [    0.467005] IP idents hash table entries: 65536 (order: 7, 524288 bytes, linear)[0m
[2mmachine # [    0.475100] tcp_listen_portaddr_hash hash table entries: 2048 (order: 3, 32768 bytes, linear)[0m
[2mmachine # [    0.476671] Table-perturb hash table entries: 65536 (order: 6, 262144 bytes, linear)[0m
[2mmachine # [    0.478123] TCP established hash table entries: 32768 (order: 6, 262144 bytes, linear)[0m
[2mmachine # [    0.479646] TCP bind hash table entries: 32768 (order: 8, 1048576 bytes, linear)[0m
[2mmachine # [    0.481030] TCP: Hash tables configured (established 32768 bind 32768)[0m
[2mmachine # [    0.482229] MPTCP token hash table entries: 4096 (order: 5, 98304 bytes, linear)[0m
[2mmachine # [    0.483623] UDP hash table entries: 2048 (order: 5, 131072 bytes, linear)[0m
[2mmachine # [    0.484874] UDP-Lite hash table entries: 2048 (order: 5, 131072 bytes, linear)[0m
[2mmachine # [    0.486233] NET: Registered PF_UNIX/PF_LOCAL protocol family[0m
[2mmachine # [    0.487283] NET: Registered PF_XDP protocol family[0m
[2mmachine # [    0.488197] pci_bus 0000:00: resource 4 [io  0x0000-0x0cf7 window][0m
[2mmachine # [    0.489314] pci_bus 0000:00: resource 5 [io  0x0d00-0xffff window][0m
[2mmachine # [    0.490479] pci_bus 0000:00: resource 6 [mem 0x000a0000-0x000bffff window][0m
[2mmachine # [    0.491732] pci_bus 0000:00: resource 7 [mem 0xc0000000-0xfebfffff window][0m
[2mmachine # [    0.492956] pci_bus 0000:00: resource 8 [mem 0xe0000000000-0xe007fffffff window][0m
[2mmachine # [    0.494349] pci 0000:00:01.0: PIIX3: Enabling Passive Release[0m
[2mmachine # [    0.495424] pci 0000:00:00.0: Limiting direct PCI/PCI transfers[0m
[2mmachine # [    0.497356] ACPI: \_SB_.LNKD: Enabled at IRQ 11[0m
[2mmachine # [    0.499577] PCI: CLS 0 bytes, default 64[0m
[2mmachine # [    0.500376] PCI-DMA: Using software bounce buffering for IO (SWIOTLB)[0m
[2mmachine # [    0.501589] Trying to unpack rootfs image as initramfs...[0m
[2mmachine # [    0.507469] software IO TLB: mapped [mem 0x00000000bb3a4000-0x00000000bf3a4000] (64MB)[0m
[2mmachine # [    0.509027] clocksource: tsc: mask: 0xffffffffffffffff max_cycles: 0x439ee417eeb, max_idle_ns: 440795249536 ns[0m
[2mmachine # [    0.537639] Initialise system trusted keyrings[0m
[2mmachine # [    0.540478] workingset: timestamp_bits=40 max_order=20 bucket_order=0[0m
[2mmachine # [    0.554373] Key type asymmetric registered[0m
[2mmachine # [    0.557475] Asymmetric key parser 'x509' registered[0m
[2mmachine # [    0.558393] Block layer SCSI generic (bsg) driver version 0.4 loaded (major 248)[0m
[2mmachine # [    0.561522] io scheduler mq-deadline registered[0m
[2mmachine # [    0.562363] io scheduler kyber registered[0m
[2mmachine # [    0.563245] Freeing initrd memory: 12464K[0m
[2mmachine # [    0.564248] Serial: 8250/16550 driver, 4 ports, IRQ sharing enabled[0m
[2mmachine # [    0.565599] 00:04: ttyS0 at I/O 0x3f8 (irq = 4, base_baud = 115200) is a 16550A[0m
[2mmachine # [    0.567607] Linux agpgart interface v0.103[0m
[2mmachine # [    0.568414] ACPI: bus type drm_connector registered[0m
[2mmachine # [    0.569583] usbcore: registered new interface driver usbserial_generic[0m
[2mmachine # [    0.570790] usbserial: USB Serial support registered for generic[0m
[2mmachine # [    0.571896] amd_pstate: The CPPC feature is supported but currently disabled by the BIOS.[0m
[2mmachine # [    0.571896] Please enable it if your BIOS has the CPPC option.[0m
[2mmachine # [    0.574316] amd_pstate: the _CPC object is not present in SBIOS or ACPI disabled[0m
[2mmachine # [    0.575747] drop_monitor: Initializing network drop monitor service[0m
[2mmachine # [    0.576943] NET: Registered PF_INET6 protocol family[0m
[2mmachine # [    0.578072] Segment Routing with IPv6[0m
[2mmachine # [    0.578838] In-situ OAM (IOAM) with IPv6[0m
[2mmachine # [    0.579782] IPI shorthand broadcast: enabled[0m
[2mmachine # [    0.582484] sched_clock: Marking stable (427018952, 155434836)->(650664463, -68210675)[0m
[2mmachine # [    0.584037] registered taskstats version 1[0m
[2mmachine # [    0.584971] Loading compiled-in X.509 certificates[0m
[2mmachine # [    0.590086] Demotion targets for Node 0: null[0m
[2mmachine # [    0.591007] Key type .fscrypt registered[0m
[2mmachine # [    0.591782] Key type fscrypt-provisioning registered[0m
[2mmachine # [    0.592767] ima: No TPM chip found, activating TPM-bypass![0m
[2mmachine # [    0.593787] ima: Allocated hash algorithm: sha1[0m
[2mmachine # [    0.594664] ima: No architecture policies found[0m
[2mmachine # [    0.595625] PM:   Magic number: 6:160:805[0m
[2mmachine # [    0.596893] RAS: Correctable Errors collector initialized.[0m
[2mmachine # [    0.600187] clk: Disabling unused clocks[0m
[2mmachine # [    0.600989] PM: genpd: Disabling unused power domains[0m
[2mmachine # [    0.602872] Freeing unused decrypted memory: 2028K[0m
[2mmachine # [    0.604073] Freeing unused kernel image (initmem) memory: 3632K[0m
[2mmachine # [    0.605189] Write protecting the kernel read-only data: 32768k[0m
[2mmachine # [    0.606560] Freeing unused kernel image (text/rodata gap) memory: 1376K[0m
[2mmachine # [    0.607851] Freeing unused kernel image (rodata/data gap) memory: 856K[0m
[2mmachine # [    0.637052] x86/mm: Checked W+X mappings: passed, no W+X pages found.[0m
[2mmachine # [    0.638226] Run /init as init process[0m
[2mmachine # [    0.660731] device-mapper: core: CONFIG_IMA_DISABLE_HTABLE is disabled. Duplicate IMA measurements will not be recorded in the IMA log.[0m
[2mmachine # [    0.662877] device-mapper: ioctl: 4.50.0-ioctl (2025-04-28) initialised: dm-devel@lists.linux.dev[0m
[2mmachine # [    0.763338] ACPI: \_SB_.LNKC: Enabled at IRQ 10[0m
[2mmachine # [    0.767636] i8042: PNP: PS/2 Controller [PNP0303:KBD,PNP0f13:MOU] at 0x60,0x64 irq 1,12[0m
[2mmachine # [    0.777341] uhci_hcd 0000:00:01.2: UHCI Host Controller[0m
[2mmachine # [    0.778295] uhci_hcd 0000:00:01.2: new USB bus registered, assigned bus number 1[0m
[2mmachine # [    0.786075] serio: i8042 KBD port at 0x60,0x64 irq 1[0m
[2mmachine # [    0.789384] SCSI subsystem initialized[0m
[2mmachine # [    0.791554] uhci_hcd 0000:00:01.2: detected 2 ports[0m
[2mmachine # [    0.792521] uhci_hcd 0000:00:01.2: irq 11, io port 0x0000c100[0m
[2mmachine # [    0.793758] serio: i8042 AUX port at 0x60,0x64 irq 12[0m
[2mmachine # [    0.797900] ACPI: \_SB_.LNKA: Enabled at IRQ 10[0m
[2mmachine # [    0.809757] usb usb1: New USB device found, idVendor=1d6b, idProduct=0001, bcdDevice= 6.18[0m
[2mmachine # [    0.811208] usb usb1: New USB device strings: Mfr=3, Product=2, SerialNumber=1[0m
[2mmachine # [    0.825911] usb usb1: Product: UHCI Host Controller[0m
[2mmachine # [    0.826823] usb usb1: Manufacturer: Linux 6.18.20 uhci_hcd[0m
[2mmachine # [    0.836597] usb usb1: SerialNumber: 0000:00:01.2[0m
[2mmachine # [    0.841664] hub 1-0:1.0: USB hub found[0m
[2mmachine # [    0.845570] hub 1-0:1.0: 2 ports detected[0m
[2mmachine # [    0.856908] input: AT Translated Set 2 keyboard as /devices/platform/i8042/serio0/input/input0[0m
[2mmachine # [    0.858643] scsi host0: ata_piix[0m
[2mmachine # [    0.859556] ACPI: \_SB_.LNKB: Enabled at IRQ 11[0m
[2mmachine # [    0.861858] scsi host1: ata_piix[0m
[2mmachine # [    0.863394] ata1: PATA max MWDMA2 cmd 0x1f0 ctl 0x3f6 bmdma 0xc1e0 irq 14 lpm-pol 0[0m
[2mmachine # [    0.869449] ata2: PATA max MWDMA2 cmd 0x170 ctl 0x376 bmdma 0xc1e8 irq 15 lpm-pol 0[0m
[2mmachine # [    1.026612] ata2: found unknown device (class 0)[0m
[2mmachine # [    1.028450] ata2.00: ATAPI: QEMU DVD-ROM, 2.5+, max UDMA/100[0m
[2mmachine # [    1.030673] scsi 1:0:0:0: CD-ROM            QEMU     QEMU DVD-ROM     2.5+ PQ: 0 ANSI: 5[0m
[2mmachine # [    1.045631] virtio_blk virtio5: 1/0/0 default/read/poll queues[0m
[2mmachine # [    1.060998] virtio_blk virtio5: [vda] 2097152 512-byte logical blocks (1.07 GB/1.00 GiB)[0m
[2mmachine # [    1.070897] sr 1:0:0:0: [sr0] scsi3-mmc drive: 4x/4x cd/rw xa/form2 tray[0m
[2mmachine # [    1.072130] cdrom: Uniform CD-ROM driver Revision: 3.20[0m
[2mmachine # [    1.074444] usb 1-1: new full-speed USB device number 2 using uhci_hcd[0m
[2mmachine # [    1.082081] netfs: FS-Cache loaded[0m
[2mmachine # [    1.085356] 9pnet: Installing 9P2000 support[0m
[2mmachine # [    1.230569] EXT4-fs (vda): mounted filesystem ad270dcd-a5a5-4d9e-a954-e93474dfd119 r/w with ordered data mode. Quota mode: none.[0m
[2mmachine # [    1.241297] usb 1-1: New USB device found, idVendor=0627, idProduct=0001, bcdDevice= 0.00[0m
[2mmachine # [    1.244444] usb 1-1: New USB device strings: Mfr=1, Product=3, SerialNumber=10[0m
[2mmachine # [    1.245794] usb 1-1: Product: QEMU USB Tablet[0m
[2mmachine # [    1.247893] 9p: Installing v9fs 9p2000 file system support[0m
[2mmachine # [    1.248925] usb 1-1: Manufacturer: QEMU[0m
[2mmachine # [    1.249713] usb 1-1: SerialNumber: 28754-0000:00:01.2-1[0m
[2mmachine # [    1.258393] hid: raw HID events driver (C) Jiri Kosina[0m
[2mmachine # [    1.268528] usbcore: registered new interface driver usbhid[0m
[2mmachine # [    1.269974] usbhid: USB HID core driver[0m
[2mmachine # [    1.271751] input: QEMU QEMU USB Tablet as /devices/pci0000:00/0000:00:01.2/usb1/1-1/1-1:1.0/0003:0627:0001.0001/input/input2[0m
[2mmachine # [    1.273882] hid-generic 0003:0627:0001.0001: input,hidraw0: USB HID v0.01 Mouse [QEMU QEMU USB Tablet] on usb-0000:00:01.2-1/input0[0m
[2mmachine # [    1.383441] EXT4-fs (vda): re-mounted ad270dcd-a5a5-4d9e-a954-e93474dfd119.[0m
[2mmachine # [    1.385219] booting system configuration /nix/store/d82hp4d1iq4km5c4jagnkkq3kyyalp3s-nixos-system-machine-test[0m
[2mmachine # [    1.966625] systemd[1]: Inserted module 'autofs4'[0m
[2mmachine # [    1.972471] NET: Registered PF_VSOCK protocol family[0m
[2mmachine # [    1.983505] fuse: init (API version 7.45)[0m
[2mmachine # [    2.001896] systemd[1]: systemd 259.3 running in system mode (+PAM +AUDIT -SELINUX +APPARMOR +IMA +IPE +SMACK +SECCOMP +GCRYPT -GNUTLS +OPENSSL +ACL +BLKID +CURL +ELFUTILS +FIDO2 +IDN2 -IDN +KMOD +LIBCRYPTSETUP +LIBCRYPTSETUP_PLUGINS +LIBFDISK +PCRE2 +PWQUALITY +P11KIT +QRENCODE +TPM2 +BZIP2 +LZ4 +XZ +ZLIB +ZSTD +BPF_FRAMEWORK -BTF -XKBCOMMON +UTMP -SYSVINIT +LIBARCHIVE)[0m
[2mmachine # [    2.007360] systemd[1]: Detected virtualization kvm.[0m
[2mmachine # [    2.008329] systemd[1]: Detected architecture x86-64.[0m
[2mmachine # [    2.009306] systemd[1]: Detected first boot.[0m
[2mmachine # [    2.011250] systemd[1]: Initializing machine ID from random generator.[0m
[2mmachine # [    2.019005] systemd[1]: Hostname set to <machine>.[0m
[2mmachine # [    2.185184] systemd[1]: bpf-restrict-fs: LSM BPF program attached[0m
[2mmachine # [    2.240790] systemd[1]: Applying preset policy.[0m
[2mmachine # [    2.433322] systemd[1]: Populated /etc with preset unit settings.[0m
[2mmachine # [    2.599275] systemd[1]: Queued start job for default target Multi-User System.[0m
[2mmachine # [    2.611523] systemd[1]: Created slice Slice /system/getty.[0m
[2mmachine # [    2.612783] systemd[1]: Created slice Slice /system/modprobe.[0m
[2mmachine # [    2.614029] systemd[1]: Created slice User and Session Slice.[0m
[2mmachine # [    2.615062] systemd[1]: Started Dispatch Password Requests to Console Directory Watch.[0m
[2mmachine # [    2.616252] systemd[1]: Started Forward Password Requests to Wall Directory Watch.[0m
[2mmachine # [    2.617409] systemd[1]: Expecting device /dev/hvc0...[0m
[2mmachine # [    2.618158] systemd[1]: Expecting device /dev/ttyS0...[0m
[2mmachine # [    2.618944] systemd[1]: Expecting device /sys/subsystem/net/devices/eth1...[0m
[2mmachine # [    2.619977] systemd[1]: Reached target Local Encrypted Volumes.[0m
[2mmachine # [    2.621007] systemd[1]: Reached target Virtual Machines and Containers.[0m
[2mmachine # [    2.621972] systemd[1]: Reached target Path Units.[0m
[2mmachine # [    2.622741] systemd[1]: Reached target Remote File Systems.[0m
[2mmachine # [    2.623588] systemd[1]: Reached target Slice Units.[0m
[2mmachine # [    2.624335] systemd[1]: Reached target Swaps.[0m
[2mmachine # [    2.626642] systemd[1]: Listening on Process Core Dump Socket.[0m
[2mmachine # [    2.628515] systemd[1]: Listening on Credential Encryption/Decryption.[0m
[2mmachine # [    2.632410] systemd[1]: Listening on Journal Audit Socket.[0m
[2mmachine # [    2.633282] systemd[1]: Listening on Journal Socket (/dev/log).[0m
[2mmachine # [    2.634256] systemd[1]: Listening on Journal Sockets.[0m
[2mmachine # [    2.635147] systemd[1]: Listening on Userspace Out-Of-Memory (OOM) Killer Socket.[0m
[2mmachine # [    2.636255] systemd[1]: Make TPM PCR Policy skipped, unmet condition check ConditionSecurity=measured-uki[0m
[2mmachine # [    2.637690] systemd[1]: Listening on udev Control Socket.[0m
[2mmachine # [    2.638561] systemd[1]: Listening on udev Kernel Socket.[0m
[2mmachine # [    2.640989] systemd[1]: Mounting Huge Pages File System...[0m
[2mmachine # [    2.643153] systemd[1]: Mounting POSIX Message Queue File System...[0m
[2mmachine # [    2.647920] systemd[1]: Mounting Kernel Debug File System...[0m
[2mmachine # [    2.653491] systemd[1]: Mounting Kernel Trace File System...[0m
[2mmachine # [    2.658091] systemd[1]: Starting Create List of Static Device Nodes...[0m
[2mmachine # [    2.660153] systemd[1]: Load Kernel Module 9pnet_virtio skipped, unmet condition check ConditionKernelModuleLoaded=!9pnet_virtio[0m
[2mmachine # [    2.664628] systemd[1]: Starting Load Kernel Module configfs...[0m
[2mmachine # [    2.666336] systemd[1]: Load Kernel Module drm skipped, unmet condition check ConditionKernelModuleLoaded=!drm[0m
[2mmachine # [    2.677269] systemd[1]: Starting Load Kernel Module efi_pstore...[0m
[2mmachine # [    2.679742] systemd[1]: Load Kernel Module fuse skipped, unmet condition check ConditionKernelModuleLoaded=!fuse[0m
[2mmachine # [    2.685106] systemd[1]: Mounting FUSE Control File System...[0m
[2mmachine # [    2.688257] systemd[1]: File System Check on Root Device skipped, unmet condition check ConditionPathIsReadWrite=!/[0m
[2mmachine # [    2.690745] systemd[1]: Clear Stale Hibernate Storage Info skipped, unmet condition check ConditionPathExists=/sys/firmware/efi/efivars/HibernateLocation-8cf2644b-4b0b-428f-9387-6d876050dc67[0m
[2mmachine # [    2.697336] systemd[1]: Starting Journal Service...[0m
[2mmachine # [    2.702056] (modprobe)[385]: modprobe@configfs.service: modprobe@configfs.service: Unable to locate executable 'modprobe': No such file or directory[0m
[2mmachine # [    2.704703] systemd[1]: Starting Load Kernel Modules...[0m
[2mmachine # [    2.707480] (modprobe)[386]: modprobe@efi_pstore.service: modprobe@efi_pstore.service: Unable to locate executable 'modprobe': No such file or directory[0m
[2mmachine # [    2.712399] systemd[1]: Starting Userspace Out-Of-Memory (OOM) Killer...[0m
[2mmachine # [    2.716171] systemd[1]: Starting Remount Root and Kernel File Systems...[0m
[2mmachine # [    2.718137] systemd[1]: Early TPM SRK Setup skipped, unmet condition check ConditionSecurity=measured-uki[0m
[2mmachine # [    2.723267] systemd[1]: Starting Coldplug All udev Devices...[0m
[2mmachine # [    2.728500] systemd[1]: Mounted Huge Pages File System.[0m
[2mmachine # [    2.730422] systemd[1]: Mounted POSIX Message Queue File System.[0m
[2mmachine # [    2.732107] systemd[1]: Mounted Kernel Debug File System.[0m
[2mmachine # [    2.733955] systemd[1]: Mounted Kernel Trace File System.[0m
[2mmachine # [    2.737081] systemd[1]: Finished Create List of Static Device Nodes.[0m
[2mmachine # [    2.739211] systemd[1]: modprobe@configfs.service: Deactivated successfully.[0m
[2mmachine # [    2.742419] systemd[1]: Finished Load Kernel Module configfs.[0m
[2mmachine # [    2.744532] systemd[1]: modprobe@efi_pstore.service: Deactivated successfully.[0m
[2mmachine # [    2.747694] systemd[1]: Finished Load Kernel Module efi_pstore.[0m
[2mmachine # [    2.749775] systemd[1]: Mounted FUSE Control File System.[0m
[2mmachine # [    2.752157] systemd[1]: Kernel Configuration File System skipped, unmet condition check ConditionPathExists=/sys/kernel/config[0m
[2mmachine # [    2.757427] systemd[1]: Starting Create Static Device Nodes in /dev gracefully...[0m
[2mmachine # [    2.770748] loop: module loaded[0m
[2mmachine # [    2.772485] EXT4-fs (vda): re-mounted ad270dcd-a5a5-4d9e-a954-e93474dfd119.[0m
[2mmachine # [    2.774402] systemd-journald[388]: Collecting audit messages is enabled.[0m
[2mmachine # [    2.780203] systemd[1]: Finished Load Kernel Modules.[0m
[2mmachine # [    2.782690] systemd[1]: Starting Firewall...[0m
[2mmachine # [    2.788077] systemd[1]: Starting Apply Kernel Variables...[0m
[2mmachine # [    2.791015] systemd[1]: Finished Remount Root and Kernel File Systems.[0m
[2mmachine # [    2.793632] systemd[1]: Platform Persistent Storage Archival skipped, unmet condition check ConditionDirectoryNotEmpty=/sys/fs/pstore[0m
[2mmachine # [    2.800414] systemd[1]: Starting Load/Save OS Random Seed...[0m
[2mmachine # [    2.801220] systemd[1]: TPM SRK Setup skipped, unmet condition check ConditionSecurity=measured-uki[0m
[2mmachine # [    2.847703] systemd[1]: Finished Apply Kernel Variables.[0m
[2mmachine # [    2.851197] systemd[1]: Finished Load/Save OS Random Seed.[0m
[2mmachine # [    2.852568] systemd[1]: Reached target First Boot Complete.[0m
[2mmachine # [    2.861670] systemd[1]: Finished Create Static Device Nodes in /dev gracefully.[0m
[2mmachine # [    2.864575] systemd[1]: Starting Create Static Device Nodes in /dev...[0m
[2mmachine # [    2.868542] systemd[1]: Started Userspace Out-Of-Memory (OOM) Killer.[0m
[2mmachine # [    2.923372] systemd[1]: Finished Create Static Device Nodes in /dev.[0m
[2mmachine # [    2.924470] systemd[1]: Reached target Preparation for Local File Systems.[0m
[2mmachine # [    2.942411] systemd[1]: Starting Rule-based Manager for Device Events and Files...[0m
[2mmachine # [    2.998064] systemd[1]: Started Journal Service.[0m
[2mmachine # [    2.844560] systemd-modules-load[389]: Inserted module 'loop'[0m
[2mmachine # [    2.848257] systemd-oomd[391]: [0;1;38:5:185mNo swap; memory pressure usage will be degraded[0m[0m
[2mmachine # [    2.853149] systemd-udevd[409]: Using default interface naming scheme 'v259'.[0m
[2mmachine # [    2.856347] systemd[1]: Starting Flush Journal to Persistent Storage...[0m
[2mmachine # [    3.038767] systemd-journald[388]: Received client request to flush runtime journal.[0m
[2mmachine # [    2.982707] systemd[1]: Started Rule-based Manager for Device Events and Files.[0m
[2mmachine # [    2.984760] systemd[1]: Finished Coldplug All udev Devices.[0m
[2mmachine # [    2.986382] systemd[1]: Finished Flush Journal to Persistent Storage.[0m
[2mmachine # [    3.137269] systemd[1]: Found device /dev/hvc0.[0m
[2mmachine # [    3.172942] systemd[1]: Found device /dev/ttyS0.[0m
[2mmachine # [    3.179944] (udev-worker)[479]: [0;1;38:5:185meth1: Config file /etc/systemd/network/40-eth1.link is applied to device based on potentially unpredictable interface name.[0m[0m
[2mmachine # [    3.184863] (udev-worker)[479]: Network interface NamePolicy= disabled on kernel command line.[0m
[2mmachine # [    3.200719] (udev-worker)[474]: Network interface NamePolicy= disabled on kernel command line.[0m
[2mmachine # [    3.255552] systemd[1]: Found device Virtio network device.[0m
[2mmachine # [    3.282879] systemd[1]: Finished Firewall.[0m
[2mmachine # [    3.474277] input: Power Button as /devices/LNXSYSTM:00/LNXPWRBN:00/input/input3[0m
[2mmachine # [    3.498712] ACPI: button: Power Button [PWRF][0m
[2mmachine # [    3.509270] mousedev: PS/2 mouse device common for all mice[0m
[2mmachine # [    3.515073] rtc_cmos 00:05: RTC can wake from S4[0m
[2mmachine # [    3.521997] Floppy drive(s): fd0 is 2.88M AMI BIOS[0m
[2mmachine # [    3.531404] parport_pc 00:03: reported by Plug and Play ACPI[0m
[2mmachine # [    3.532292] parport0: PC-style at 0x378, irq 7 [PCSPP(,...)][0m
[2mmachine # [    3.533425] rtc_cmos 00:05: registered as rtc0[0m
[2mmachine # [    3.534136] rtc_cmos 00:05: setting system clock to 2026-04-08T22:46:47 UTC (1775688407)[0m
[2mmachine # [    3.535481] systemd-journald[388]: Time jumped backwards, rotating.[0m
[2mmachine # [    3.545921] piix4_smbus 0000:00:01.3: SMBus Host Controller at 0x700, revision 0[0m
[2mmachine # [    3.547040] i2c i2c-0: Memory type 0x07 not supported yet, not instantiating SPD[0m
[2mmachine # [    3.550551] bochs-drm 0000:00:02.0: vgaarb: deactivate vga console[0m
[2mmachine # [    3.556728] rtc_cmos 00:05: alarms up to one day, y3k, 242 bytes nvram, hpet irqs[0m
[2mmachine # [    3.571724] FDC 0 is a S82078B[0m
[2mmachine # [    3.579294] input: VirtualPS/2 VMware VMMouse as /devices/platform/i8042/serio1/input/input5[0m
[2mmachine # [    3.579553] input: VirtualPS/2 VMware VMMouse as /devices/platform/i8042/serio1/input/input4[0m
[2mmachine # [    3.586031] input: QEMU Virtio Keyboard as /devices/pci0000:00/0000:00:0a.0/virtio7/input/input6[0m
[2mmachine # [    3.618061] Console: switching to colour dummy device 80x25[0m
[2mmachine # [    3.516123] systemd[1]: Starting Virtual Console Setup...[0m
[2mmachine # [    3.680254] ppdev: user-space parallel port driver[0m
[2mmachine # [    3.684923] [drm] Found bochs VGA, ID 0xb0c5.[0m
[2mmachine # [    3.684925] [drm] Framebuffer size 16384 kB @ 0xfd000000, mmio @ 0xfebd0000.[0m
[2mmachine # [    3.537082] systemd[1]: systemd-vconsole-setup.service: Deactivated successfully.[0m
[2mmachine # [    3.539252] systemd[1]: Stopped Virtual Console Setup.[0m
[2mmachine # [    3.542383] systemd[1]: Starting Virtual Console Setup...[0m
[2mmachine # [    3.705013] bochs-drm 0000:00:02.0: [drm] Registered 1 planes with drm panic[0m
[2mmachine # [    3.705776] [drm] Initialized bochs-drm 1.0.0 for 0000:00:02.0 on minor 0[0m
[2mmachine # [    3.573162] systemd[1]: Mounting /run/wrappers...[0m
[2mmachine # [    3.592404] systemd[1]: Mounted /run/wrappers.[0m
[2mmachine # [    3.593543] systemd[1]: Reached target Local File Systems.[0m
[2mmachine # [    3.595829] systemd[1]: Listening on Boot Entries Service Socket.[0m
[2mmachine # [    3.598326] systemd[1]: Starting Create SUID/SGID Wrappers...[0m
[2mmachine # [    3.600373] systemd[1]: Update Boot Loader Random Seed skipped, no trigger condition checks were met.[0m
[2mmachine # [    3.603675] systemd[1]: Starting Save Transient machine-id to Disk...[0m
[2mmachine # [    3.605424] systemd[1]: Starting Create System Files and Directories...[0m
[2mmachine # [    3.757161] fbcon: bochs-drmdrmfb (fb0) is primary device[0m
[2mmachine # [    3.773875] Console: switching to colour frame buffer device 160x50[0m
[2mmachine # [    3.783368] bochs-drm 0000:00:02.0: [drm] fb0: bochs-drmdrmfb frame buffer device[0m
[2mmachine # [    3.633243] systemd[1]: systemd-vconsole-setup.service: Deactivated successfully.[0m
[2mmachine # [    3.634858] systemd[1]: Stopped Virtual Console Setup.[0m
[2mmachine # [    3.636956] systemd[1]: Starting Virtual Console Setup...[0m
[2mmachine # [    3.682989] systemd[1]: Finished Save Transient machine-id to Disk.[0m
[2mmachine # [    3.695184] systemd-tmpfiles[560]: [0;1;39m/etc/tmpfiles.d/tmp.conf:11: Duplicate line for path "/tmp", ignoring.[0m[0m
[2mmachine # [    3.715688] systemd[1]: Finished Create System Files and Directories.[0m
[2mmachine # [    3.718173] systemd[1]: Starting Rebuild Journal Catalog...[0m
[2mmachine # [    3.720223] systemd[1]: Starting Record System Boot/Shutdown in UTMP...[0m
[2mmachine # [    3.883767] kvm_amd: TSC scaling supported[0m
[2mmachine # [    3.884205] kvm_amd: Nested Virtualization enabled[0m
[2mmachine # [    3.886203] kvm_amd: Nested Paging enabled[0m
[2mmachine # [    3.887533] kvm_amd: LBR virtualization supported[0m
[2mmachine # [    3.888053] kvm_amd: Virtual GIF supported[0m
[2mmachine # [    3.888726] kvm_amd: Virtual NMI enabled[0m
[2mmachine # [    3.755335] systemd[1]: Finished Record System Boot/Shutdown in UTMP.[0m
[2mmachine # [    3.774730] systemd[1]: Finished Rebuild Journal Catalog.[0m
[2mmachine # [    3.776588] systemd[1]: Starting Update is Completed...[0m
[2mmachine # [    3.948595] EDAC MC: Ver: 3.0.0[0m
[2mmachine # [    3.797925] systemd[1]: Finished Update is Completed.[0m
[2mmachine # [    3.902204] systemd[1]: Finished Virtual Console Setup.[0m
[2mmachine # [    3.910789] systemd[1]: suid-sgid-wrappers.service: Deactivated successfully.[0m
[2mmachine # [    3.911986] systemd[1]: Finished Create SUID/SGID Wrappers.[0m
[2mmachine # [    3.913346] systemd[1]: Reached target System Initialization.[0m
[2mmachine # [    3.914370] systemd[1]: Started Discard unused filesystem blocks once a week.[0m
[2mmachine # [    3.915818] systemd[1]: Started Daily Cleanup of Temporary Directories.[0m
[2mmachine # [    3.917125] systemd[1]: Reached target Timer Units.[0m
[2mmachine # [    3.917982] systemd[1]: Listening on D-Bus System Message Bus Socket.[0m
[2mmachine # [    3.919276] systemd[1]: Listening on Nix Daemon Socket.[0m
[2mmachine # [    3.920773] systemd[1]: Listening on OpenSSH Server Socket (systemd-ssh-generator, AF_UNIX Local).[0m
[2mmachine # [    3.922759] systemd[1]: Starting OpenSSH Server Socket (systemd-ssh-generator, AF_VSOCK)...[0m
[2mmachine # [    3.924131] systemd[1]: Listening on Hostname Service Socket.[0m
[2mmachine # [    3.934294] (systemd-ssh-issue)[640]: [0;1;39msshd-vsock.socket: Unable to locate executable '/usr/lib/systemd/systemd-ssh-issue': No such file or directory[0m[0m
[2mmachine # [    3.938099] systemd[1]: Listening on OpenSSH Server Socket (systemd-ssh-generator, AF_VSOCK).[0m
[2mmachine # [    3.939415] systemd[1]: Reached target Socket Units.[0m
[2mmachine # [    3.940938] systemd[1]: Reached target Basic System.[0m
[2mmachine # [    3.942324] systemd[1]: Started backdoor.service.[0m
[2mmachine # [    3.944658] systemd[1]: Starting D-Bus System Message Bus...[0m
[2mmachine # [    3.946263] systemd[1]: Starting Import lastlog data into lastlog2 database...[0m
[2mmachine # [    3.949156] systemd[1]: Starting Name Service Cache Daemon (nsncd)...[0m
[2mmachine # [    3.951898] systemd[1]: Starting Post-Boot Actions...[0m
[2mmachine # [    3.956130] systemd[1]: Started Reset console on configuration changes.[0m
[2mmachine # [    3.958205] systemd[1]: Starting resolvconf update...[0m
[2mmachine # [    3.963062] systemd[1]: Starting SSH Host Keys Generation...[0m
[2mmachine # [    4.003369] systemd[1]: Finished Post-Boot Actions.[0m
[2mmachine # connecting to host...[0m
[2mmachine # [    4.029271] nsncd[645]: Apr 08 22:46:48.147 INFO started, config: Config { ignored_request_types: {}, worker_count: 8, handoff_timeout: 10s }, path: "/var/run/nscd/socket"[0m
[2mmachine # [    4.033601] systemd[1]: Started Name Service Cache Daemon (nsncd).[0m
[2mmachine # [    4.035773] systemd[1]: Reached target Host and Network Name Lookups.[0m
[2mmachine # [    4.037771] systemd[1]: Reached target User and Group Name Lookups.[0m
[2mmachine # [    4.039500] systemd[1]: Starting User Login Management...[0m
machine: Guest shell says: b'Spawning backdoor root shell...\n'
machine: connected to guest root shell
machine: (connecting took 4.53 seconds)
machine: (finished: waiting for the VM to finish booting, in 4.62 seconds)
[2mmachine # [    4.044693] systemd[1]: Finished Import lastlog data into lastlog2 database.[0m
[2mmachine # [    4.051567] dbus-daemon[643]: dbus[643]: Unknown username "systemd-timesync" in message bus configuration file[0m
machine: (finished: must succeed: which kafka-topics.sh, in 4.65 seconds)
machine: [1m[32mmust succeed: ls /nix/store/jc4dd4j47dg7zrgy4z8hkbiha1w90djf-apache-kafka-2.13-4.2.0/bin/[0m
[2mmachine # [    4.084112] systemd[1]: Started D-Bus System Message Bus.[0m
[2mmachine # [    4.105915] systemd[1]: Stopped target Host and Network Name Lookups.[0m
[2mmachine # [    4.108349] systemd[1]: Stopping Host and Network Name Lookups...[0m
[2mmachine # [    4.111434] systemd[1]: Stopped target User and Group Name Lookups.[0m
[2mmachine # [    4.113890] systemd[1]: Stopping User and Group Name Lookups...[0m
[2mmachine # [    4.117188] systemd[1]: Stopping Name Service Cache Daemon (nsncd)...[0m
[2mmachine # [    4.118740] systemd[1]: nscd.service: Deactivated successfully.[0m
[2mmachine # [    4.120342] systemd[1]: Stopped Name Service Cache Daemon (nsncd).[0m
[2mmachine # [    4.123110] systemd[1]: Starting Name Service Cache Daemon (nsncd)...[0m
machine: (finished: must succeed: ls /nix/store/jc4dd4j47dg7zrgy4z8hkbiha1w90djf-apache-kafka-2.13-4.2.0/bin/, in 0.05 seconds)
machine: [1m[32mmust succeed: ls /nix/store/jc4dd4j47dg7zrgy4z8hkbiha1w90djf-apache-kafka-2.13-4.2.0/config/[0m
[2mmachine # [    4.149540] systemd-logind[672]: New seat seat0.[0m
machine: (finished: must succeed: ls /nix/store/jc4dd4j47dg7zrgy4z8hkbiha1w90djf-apache-kafka-2.13-4.2.0/config/, in 0.03 seconds)
machine: [1m[32mmust succeed: java -version[0m
[2mmachine # [    4.155811] systemd-logind[672]: Watching system buttons on /dev/input/event2 (Power Button)[0m
[2mmachine # [    4.157177] systemd-logind[672]: Watching system buttons on /dev/input/event5 (QEMU Virtio Keyboard)[0m
[2mmachine # [    4.158487] systemd-logind[672]: Watching system buttons on /dev/input/event0 (AT Translated Set 2 keyboard)[0m
[2mmachine # [    4.163593] systemd[1]: Started User Login Management.[0m
[2mmachine # [    4.167211] systemd[1]: Starting linger-users.service...[0m
[2mmachine # [    4.175758] systemd[1]: Started Name Service Cache Daemon (nsncd).[0m
[2mmachine # [    4.178654] nsncd[721]: Apr 08 22:46:48.296 INFO started, config: Config { ignored_request_types: {}, worker_count: 8, handoff_timeout: 10s }, path: "/var/run/nscd/socket"[0m
[2mmachine # [    4.182139] systemd[1]: Reached target Host and Network Name Lookups.[0m
[2mmachine # [    4.183515] systemd[1]: Reached target User and Group Name Lookups.[0m
[2mmachine # [    4.202942] systemd[1]: Finished resolvconf update.[0m
[2mmachine # [    4.205173] systemd[1]: Reached target Preparation for Network.[0m
[2mmachine # [    4.208871] systemd[1]: Starting DHCP Client...[0m
[2mmachine # [    4.211085] systemd[1]: Starting Address configuration of eth1...[0m
[2mmachine # [    4.221636] systemd[1]: linger-users.service: Deactivated successfully.[0m
[2mmachine # [    4.223342] systemd[1]: Finished linger-users.service.[0m
[2mmachine # [    4.274476] network-addresses-eth1-start[756]: adding address 192.168.1.1/24... done[0m
[2mmachine # [    4.281452] network-addresses-eth1-start[756]: adding address 2001:db8:1::1/64... done[0m
[2mmachine # [    4.292415] systemd[1]: Finished Address configuration of eth1.[0m
[2mmachine # [    4.295577] systemd[1]: Starting Networking Setup...[0m
[2mmachine # [    4.348786] dhcpcd[763]: dhcpcd-10.3.0 starting[0m
[2mmachine # [    4.354229] dhcpcd[781]: dev: loaded udev[0m
[2mmachine # [    4.520976] 8021q: 802.1Q VLAN Support v1.8[0m
[2mmachine # [    4.522319] 8021q: adding VLAN 0 to HW filter on device eth1[0m
[2mmachine # [    4.390755] systemd[1]: Listening on Load/Save RF Kill Switch Status /dev/rfkill Watch.[0m
[2mmachine # [    4.445559] systemd[1]: Finished Networking Setup.[0m
[2mmachine # [    4.446662] systemd[1]: Reached target Network.[0m
[2mmachine # [    4.603707] cfg80211: Loading compiled-in X.509 certificates for regulatory database[0m
[2mmachine # [    4.450433] systemd[1]: Starting Permit User Sessions...[0m
[2mmachine # [    4.615662] Loaded X.509 cert 'sforshee: 00b28ddf47aef9cea7'[0m
[2mmachine # [    4.617368] Loaded X.509 cert 'wens: 61c038651aabdcf94bd0ac7ff06c7248db18c600'[0m
[2mmachine # [    4.618923] faux_driver regulatory: Direct firmware load for regulatory.db failed with error -2[0m
[2mmachine # [    4.619863] cfg80211: failed to load regulatory.db[0m
[2mmachine # [    4.488863] systemd[1]: Finished Permit User Sessions.[0m
[2mmachine # [    4.491704] systemd[1]: Started Getty on tty1.[0m
[2mmachine # [    4.493781] systemd[1]: Reached target Login Prompts.[0m
[2mmachine # [    4.668727] 8021q: adding VLAN 0 to HW filter on device eth0[0m
[2mmachine # [    4.515491] dhcpcd[781]: eth0: waiting for carrier[0m
[2mmachine # [    4.517237] dhcpcd[781]: eth0: carrier acquired[0m
[2mmachine # [    4.524389] dhcpcd[781]: DUID 00:01:00:01:31:69:97:58:52:54:00:12:34:56[0m
[2mmachine # [    4.525514] dhcpcd[781]: eth0: IAID 00:12:34:56[0m
[2mmachine # [    4.527154] dhcpcd[781]: eth0: adding address fe80::5054:ff:fe12:3456[0m
[2mmachine # [    4.571507] systemd[1]: etc-machine\x2did.mount: Deactivated successfully.[0m
[2mmachine # [    4.602832] sshd-keygen-start[683]: Generating public/private rsa key pair.[0m
[2mmachine # [    4.604442] sshd-keygen-start[683]: Your identification has been saved in /etc/ssh/ssh_host_rsa_key[0m
[2mmachine # [    4.606177] sshd-keygen-start[683]: Your public key has been saved in /etc/ssh/ssh_host_rsa_key.pub[0m
[2mmachine # [    4.607757] sshd-keygen-start[683]: The key fingerprint is:[0m
[2mmachine # [    4.608717] sshd-keygen-start[683]: SHA256:2ihKfoyZmwkyjo5FZ4n2+k8SV/zbcULHs+dFtQGhEIM root@machine[0m
[2mmachine # [    4.610295] sshd-keygen-start[683]: The key's randomart image is:[0m
[2mmachine # [    4.611391] sshd-keygen-start[683]: +---[RSA 4096]----+[0m
[2mmachine # [    4.612319] sshd-keygen-start[683]: |        .+.  oo..|[0m
[2mmachine # [    4.613659] sshd-keygen-start[683]: |       E  o ..  +|[0m
[2mmachine # [    4.614598] sshd-keygen-start[683]: |        o  .. +..|[0m
[2mmachine # [    4.615685] sshd-keygen-start[683]: |   . . . . . . + |[0m
[2mmachine # [    4.616689] sshd-keygen-start[683]: |  + = . S . o o o|[0m
[2mmachine # [    4.617891] sshd-keygen-start[683]: | o + o +   o + o.|[0m
[2mmachine # [    4.618901] sshd-keygen-start[683]: |+ o=+ + . . .   .|[0m
[2mmachine # [    4.619938] sshd-keygen-start[683]: |=*+=o+           |[0m
[2mmachine # [    4.620969] sshd-keygen-start[683]: |+oB+...          |[0m
[2mmachine # [    4.621897] sshd-keygen-start[683]: +----[SHA256]-----+[0m
[2mmachine # [    4.640296] sshd-keygen-start[838]: Generating public/private ed25519 key pair.[0m
[2mmachine # [    4.641509] sshd-keygen-start[838]: Your identification has been saved in /etc/ssh/ssh_host_ed25519_key[0m
[2mmachine # [    4.642990] sshd-keygen-start[838]: Your public key has been saved in /etc/ssh/ssh_host_ed25519_key.pub[0m
[2mmachine # [    4.644879] sshd-keygen-start[838]: The key fingerprint is:[0m
[2mmachine # [    4.646849] sshd-keygen-start[838]: SHA256:bxbdCRvn50DaHdOsqPT00nW1eVVRiSmnwNmRRwz35ms root@machine[0m
[2mmachine # [    4.648177] sshd-keygen-start[838]: The key's randomart image is:[0m
[2mmachine # [    4.649101] sshd-keygen-start[838]: +--[ED25519 256]--+[0m
[2mmachine # [    4.649907] sshd-keygen-start[838]: |        . oo*oo.*|[0m
[2mmachine # [    4.650794] sshd-keygen-start[838]: |         + +.*.oo|[0m
[2mmachine # [    4.651636] sshd-keygen-start[838]: |          . B o==|[0m
[2mmachine # [    4.653180] sshd-keygen-start[838]: |           o %o+B|[0m
[2mmachine # [    4.653968] sshd-keygen-start[838]: |        S o * B+*|[0m
[2mmachine # [    4.655956] sshd-keygen-start[838]: |         o = o =+|[0m
[2mmachine # [    4.656953] sshd-keygen-start[838]: |          = o oE.|[0m
[2mmachine # [    4.658170] sshd-keygen-start[838]: |         o   ..  |[0m
[2mmachine # [    4.658965] sshd-keygen-start[838]: |                 |[0m
[2mmachine # [    4.660654] sshd-keygen-start[838]: +----[SHA256]-----+[0m
[2mmachine # [    4.661948] systemd[1]: sshd-keygen.service: Deactivated successfully.[0m
[2mmachine # [    4.663299] systemd[1]: Finished SSH Host Keys Generation.[0m
[2mmachine # [    4.664378] systemd[1]: Starting SSH Daemon...[0m
[2mmachine # [    4.689397] sshd[841]: Server listening on 0.0.0.0 port 22.[0m
[2mmachine # [    4.690502] sshd[841]: Server listening on :: port 22.[0m
[2mmachine # [    4.692267] systemd[1]: Started SSH Daemon.[0m
[2mmachine # openjdk version "21.0.10" 2026-01-20[0m
[2mmachine # OpenJDK Runtime Environment (build 21.0.10+7-nixos)[0m
[2mmachine # OpenJDK 64-Bit Server VM (build 21.0.10+7-nixos, mixed mode, sharing)[0m
machine: (finished: must succeed: java -version, in 0.59 seconds)
machine: 
machine: [1m[32mmust succeed: /nix/store/jc4dd4j47dg7zrgy4z8hkbiha1w90djf-apache-kafka-2.13-4.2.0/bin/kafka-topics.sh --version[0m
[2mmachine # [    5.196361] dhcpcd[781]: eth0: soliciting a DHCP lease[0m
[2mmachine # [    5.360632] NET: Registered PF_PACKET protocol family[0m
[2mmachine # [    5.209641] dhcpcd[781]: eth0: offered 10.0.2.15 from 10.0.2.2[0m
[2mmachine # [    5.212135] dhcpcd[781]: eth0: probing address 10.0.2.15/24[0m
[2mmachine # [    5.410004] /proc/cgroups lists only v1 controllers, use cgroup.controllers of root cgroup for v2 info[0m
[2mmachine # [    6.414205] dhcpcd[781]: eth0: soliciting an IPv6 router[0m
[2mmachine # [    6.416434] dhcpcd[781]: eth0: Router Advertisement from fe80::2[0m
[2mmachine # [    6.417412] dhcpcd[781]: eth0: adding address fec0::5054:ff:fe12:3456/64[0m
[2mmachine # [    6.418437] dhcpcd[781]: eth0: adding route to fec0::/64[0m
[2mmachine # [    6.419369] dhcpcd[781]: eth0: adding default route via fe80::2[0m
machine: (finished: must succeed: /nix/store/jc4dd4j47dg7zrgy4z8hkbiha1w90djf-apache-kafka-2.13-4.2.0/bin/kafka-topics.sh --version, in 2.18 seconds)
machine: Kafka version: 4.2.0

machine: [1m[32mmust succeed: mkdir -p /tmp/zookeeper[0m
machine: (finished: must succeed: mkdir -p /tmp/zookeeper, in 0.01 seconds)
machine: [1m[32mmust succeed: mkdir -p /tmp/kafka-logs[0m
machine: (finished: must succeed: mkdir -p /tmp/kafka-logs, in 0.01 seconds)
(finished: run the VM test script, in 7.51 seconds)
test script finished in 7.54s
[1m[32mcleanup[0m
kill QemuMachine (pid 10)
qemu-system-x86_64: terminating on signal 15 from pid 6 (/nix/store/pzdalg368npikvpq4ncz2saxnz19v53k-python3-3.13.12/bin/python3.13)
vde_switch: EOF data port: Interrupted system call
kill vlan (pid 7)
vde_switch: EOF on stdin, cleaning up and exiting
vde_switch: Caught signal 15, cleaning up and exiting
(finished: cleanup, in 0.01 seconds)
