warning: Git tree '/home/freerat/projects/topotestix' is dirty
warning: ignoring the client-specified setting 'netrc-file', because it is a restricted setting and you are not a trusted user
warning: ignoring the client-specified setting 'trusted-public-keys', because it is a restricted setting and you are not a trusted user
warning: ignoring the client-specified setting 'netrc-file', because it is a restricted setting and you are not a trusted user
warning: ignoring the client-specified setting 'trusted-public-keys', because it is a restricted setting and you are not a trusted user
warning: ignoring the client-specified setting 'netrc-file', because it is a restricted setting and you are not a trusted user
warning: ignoring the client-specified setting 'trusted-public-keys', because it is a restricted setting and you are not a trusted user
got build log for '/nix/store/rhcszdjr7ba24bs3vfzz8irgb6f9f2dw-vm-test-run-kafka-test-1' from 'daemon'
Machine state will be reset. To keep it, pass --keep-machine-state
[1m[32mstart all VLans[0m
start vlan
creating tap interface vde-tap1
running vlan (pid 7; ctl /build/vde1.ctl)
(finished: start all VLans, in 0.00 seconds)
Test will time out and terminate in 3600 seconds
[1m[32mrun the VM test script[0m
vde_plug2tap: Failed to open /dev/net/tun No such file or directory
additionally exposed symbols:
    machine,
    vlan1,
    start_all, test_script, machines_qemu, machines_nspawn, vlans, driver, log, os, create_machine, subtest, run_tests, join_all, retry, serial_stdout_off, serial_stdout_on, polling_condition, BaseMachine, t, debug
machine: [1m[32mmust succeed: which kafka-topics.sh[0m
machine: [1m[32mwaiting for the VM to finish booting[0m
machine: starting vm
mke2fs 1.47.3 (8-Jul-2025)
[2mmachine # Disk image does not exist, creating the virtualisation disk image...[0m
[2mmachine # Formatting '/build/vm-state-machine/tmp.vvC4s0XQn1', fmt=raw size=5368709120[0m
[2mmachine # Discarding device blocks:       0/1310720               done[0m
machine: QEMU running (pid 10)
[2mmachine # Creating filesystem with 1310720 4k blocks and 327680 inodes[0m
[2mmachine # Filesystem UUID: 1ac128d1-50c0-489a-be45-53bf053e84fa[0m
[2mmachine # Superblock backups stored on blocks:[0m
[2mmachine # 	32768, 98304, 163840, 229376, 294912, 819200, 884736[0m
[2mmachine # [0m
[2mmachine # Allocating group tables:  0/40     done[0m
[2mmachine # Writing inode tables:  0/40     done[0m
[2mmachine # Creating journal (16384 blocks): done[0m
[2mmachine # Writing superblocks and filesystem accounting information:  0/40     done[0m
[2mmachine # [0m
[2mmachine # Virtualisation disk image created.[0m
[2mmachine # c[?7l[2J[0mSeaBIOS (version rel-1.17.0-0-gb52ca86e094d-prebuilt.qemu.org)[0m
[2mmachine # [0m
[2mmachine # [0m
[2mmachine # iPXE (http://ipxe.org) 00:03.0 CA00 PCI2.10 PnP PMM+3EFD1920+3EF31920 CA00[0m
[2mmachine # Press Ctrl-B to configure iPXE (PCI 00:03.0)...[0m
[2mmachine # [0m
[2mmachine # [0m
[2mmachine # [0m
[2mmachine # [0m
[2mmachine # iPXE (http://ipxe.org) 00:09.0 CB00 PCI2.10 PnP PMM 3EFD1920 3EF31920 CB00[0m
[2mmachine # Press Ctrl-B to configure iPXE (PCI 00:09.0)...[0m
[2mmachine # [0m
[2mmachine # [0m
[2mmachine # Booting from ROM...[0m
[2mmachine # Probing EDD (edd=off to disable)... oc[?7l[2J[0mk[    0.000000] Linux version 6.18.20 (nixbld@localhost) (gcc (GCC) 15.2.0, GNU ld (GNU Binutils) 2.44) #1-NixOS SMP PREEMPT_DYNAMIC Wed Mar 25 10:10:46 UTC 2026[0m
[2mmachine # [    0.000000] Command line: console=ttyS0 console=tty0 panic=1 boot.panic_on_fail clocksource=acpi_pm loglevel=7 net.ifnames=0 lsm=landlock,yama,bpf init=/nix/store/gv9c9r3ca10f82bqk8rpvkrp84vd3cjq-nixos-system-machine-test/init regInfo=/nix/store/0mda4as19dfn13mp10cnb891r62az3l4-closure-info/registration console=ttyS0,115200n8 console=tty0[0m
[2mmachine # [    0.000000] BIOS-provided physical RAM map:[0m
[2mmachine # [    0.000000] BIOS-e820: [mem 0x0000000000000000-0x000000000009fbff] usable[0m
[2mmachine # [    0.000000] BIOS-e820: [mem 0x000000000009fc00-0x000000000009ffff] reserved[0m
[2mmachine # [    0.000000] BIOS-e820: [mem 0x00000000000f0000-0x00000000000fffff] reserved[0m
[2mmachine # [    0.000000] BIOS-e820: [mem 0x0000000000100000-0x000000003ffdafff] usable[0m
[2mmachine # [    0.000000] BIOS-e820: [mem 0x000000003ffdb000-0x000000003fffffff] reserved[0m
[2mmachine # [    0.000000] BIOS-e820: [mem 0x00000000feffc000-0x00000000feffffff] reserved[0m
[2mmachine # [    0.000000] BIOS-e820: [mem 0x00000000fffc0000-0x00000000ffffffff] reserved[0m
[2mmachine # [    0.000000] BIOS-e820: [mem 0x000000fd00000000-0x000000ffffffffff] reserved[0m
[2mmachine # [    0.000000] NX (Execute Disable) protection: active[0m
[2mmachine # [    0.000000] APIC: Static calls initialized[0m
[2mmachine # [    0.000000] SMBIOS 2.8 present.[0m
[2mmachine # [    0.000000] DMI: QEMU Standard PC (i440FX + PIIX, 1996), BIOS rel-1.17.0-0-gb52ca86e094d-prebuilt.qemu.org 04/01/2014[0m
[2mmachine # [    0.000000] DMI: Memory slots populated: 1/1[0m
[2mmachine # [    0.000000] Hypervisor detected: KVM[0m
[2mmachine # [    0.000000] last_pfn = 0x3ffdb max_arch_pfn = 0x400000000[0m
[2mmachine # [    0.000000] kvm-clock: Using msrs 4b564d01 and 4b564d00[0m
[2mmachine # [    0.000000] kvm-clock: using sched offset of 268313708 cycles[0m
[2mmachine # [    0.000001] clocksource: kvm-clock: mask: 0xffffffffffffffff max_cycles: 0x1cd42e4dffb, max_idle_ns: 881590591483 ns[0m
[2mmachine # [    0.000003] tsc: Detected 4691.204 MHz processor[0m
[2mmachine # [    0.000553] last_pfn = 0x3ffdb max_arch_pfn = 0x400000000[0m
[2mmachine # [    0.000578] MTRR map: 4 entries (3 fixed + 1 variable; max 19), built from 8 variable MTRRs[0m
[2mmachine # [    0.000580] x86/PAT: Configuration [0-7]: WB  WC  UC- UC  WB  WP  UC- WT[0m
[2mmachine # [    0.002108] found SMP MP-table at [mem 0x000f5470-0x000f547f][0m
[2mmachine # [    0.002118] Using GB pages for direct mapping[0m
[2mmachine # [    0.002155] RAMDISK: [mem 0x3f3a4000-0x3ffcffff][0m
[2mmachine # [    0.002158] ACPI: Early table checksum verification disabled[0m
[2mmachine # [    0.002160] ACPI: RSDP 0x00000000000F5290 000014 (v00 BOCHS )[0m
[2mmachine # [    0.002162] ACPI: RSDT 0x000000003FFE23D9 000034 (v01 BOCHS  BXPC     00000001 BXPC 00000001)[0m
[2mmachine # [    0.002165] ACPI: FACP 0x000000003FFE228D 000074 (v01 BOCHS  BXPC     00000001 BXPC 00000001)[0m
[2mmachine # [    0.002167] ACPI: DSDT 0x000000003FFE0040 00224D (v01 BOCHS  BXPC     00000001 BXPC 00000001)[0m
[2mmachine # [    0.002169] ACPI: FACS 0x000000003FFE0000 000040[0m
[2mmachine # [    0.002169] ACPI: APIC 0x000000003FFE2301 000078 (v03 BOCHS  BXPC     00000001 BXPC 00000001)[0m
[2mmachine # [    0.002171] ACPI: HPET 0x000000003FFE2379 000038 (v01 BOCHS  BXPC     00000001 BXPC 00000001)[0m
[2mmachine # [    0.002172] ACPI: WAET 0x000000003FFE23B1 000028 (v01 BOCHS  BXPC     00000001 BXPC 00000001)[0m
[2mmachine # [    0.002172] ACPI: Reserving FACP table memory at [mem 0x3ffe228d-0x3ffe2300][0m
[2mmachine # [    0.002173] ACPI: Reserving DSDT table memory at [mem 0x3ffe0040-0x3ffe228c][0m
[2mmachine # [    0.002174] ACPI: Reserving FACS table memory at [mem 0x3ffe0000-0x3ffe003f][0m
[2mmachine # [    0.002174] ACPI: Reserving APIC table memory at [mem 0x3ffe2301-0x3ffe2378][0m
[2mmachine # [    0.002174] ACPI: Reserving HPET table memory at [mem 0x3ffe2379-0x3ffe23b0][0m
[2mmachine # [    0.002175] ACPI: Reserving WAET table memory at [mem 0x3ffe23b1-0x3ffe23d8][0m
[2mmachine # [    0.002484] No NUMA configuration found[0m
[2mmachine # [    0.002485] Faking a node at [mem 0x0000000000000000-0x000000003ffdafff][0m
[2mmachine # [    0.002488] NODE_DATA(0) allocated [mem 0x3ffd5780-0x3ffdacff][0m
[2mmachine # [    0.002500] Zone ranges:[0m
[2mmachine # [    0.002500]   DMA      [mem 0x0000000000001000-0x0000000000ffffff][0m
[2mmachine # [    0.002501]   DMA32    [mem 0x0000000001000000-0x000000003ffdafff][0m
[2mmachine # [    0.002502]   Normal   empty[0m
[2mmachine # [    0.002502]   Device   empty[0m
[2mmachine # [    0.002503] Movable zone start for each node[0m
[2mmachine # [    0.002503] Early memory node ranges[0m
[2mmachine # [    0.002503]   node   0: [mem 0x0000000000001000-0x000000000009efff][0m
[2mmachine # [    0.002504]   node   0: [mem 0x0000000000100000-0x000000003ffdafff][0m
[2mmachine # [    0.002505] Initmem setup node 0 [mem 0x0000000000001000-0x000000003ffdafff][0m
[2mmachine # [    0.002571] On node 0, zone DMA: 1 pages in unavailable ranges[0m
[2mmachine # [    0.002579] On node 0, zone DMA: 97 pages in unavailable ranges[0m
[2mmachine # [    0.005356] On node 0, zone DMA32: 37 pages in unavailable ranges[0m
[2mmachine # [    0.005996] ACPI: PM-Timer IO Port: 0x608[0m
[2mmachine # [    0.006003] ACPI: LAPIC_NMI (acpi_id[0xff] dfl dfl lint[0x1])[0m
[2mmachine # [    0.006020] IOAPIC[0]: apic_id 0, version 17, address 0xfec00000, GSI 0-23[0m
[2mmachine # [    0.006021] ACPI: INT_SRC_OVR (bus 0 bus_irq 0 global_irq 2 dfl dfl)[0m
[2mmachine # [    0.006023] ACPI: INT_SRC_OVR (bus 0 bus_irq 5 global_irq 5 high level)[0m
[2mmachine # [    0.006023] ACPI: INT_SRC_OVR (bus 0 bus_irq 9 global_irq 9 high level)[0m
[2mmachine # [    0.006024] ACPI: INT_SRC_OVR (bus 0 bus_irq 10 global_irq 10 high level)[0m
[2mmachine # [    0.006024] ACPI: INT_SRC_OVR (bus 0 bus_irq 11 global_irq 11 high level)[0m
[2mmachine # [    0.006026] ACPI: Using ACPI (MADT) for SMP configuration information[0m
[2mmachine # [    0.006027] ACPI: HPET id: 0x8086a201 base: 0xfed00000[0m
[2mmachine # [    0.006029] TSC deadline timer available[0m
[2mmachine # [    0.006031] CPU topo: Max. logical packages:   1[0m
[2mmachine # [    0.006032] CPU topo: Max. logical dies:       1[0m
[2mmachine # [    0.006032] CPU topo: Max. dies per package:   1[0m
[2mmachine # [    0.006034] CPU topo: Max. threads per core:   1[0m
[2mmachine # [    0.006035] CPU topo: Num. cores per package:     1[0m
[2mmachine # [    0.006035] CPU topo: Num. threads per package:   1[0m
[2mmachine # [    0.006035] CPU topo: Allowing 1 present CPUs plus 0 hotplug CPUs[0m
[2mmachine # [    0.006044] kvm-guest: APIC: eoi() replaced with kvm_guest_apic_eoi_write()[0m
[2mmachine # [    0.006058] PM: hibernation: Registered nosave memory: [mem 0x00000000-0x00000fff][0m
[2mmachine # [    0.006059] PM: hibernation: Registered nosave memory: [mem 0x0009f000-0x000fffff][0m
[2mmachine # [    0.006060] [mem 0x40000000-0xfeffbfff] available for PCI devices[0m
[2mmachine # [    0.006061] Booting paravirtualized kernel on KVM[0m
[2mmachine # [    0.006063] clocksource: refined-jiffies: mask: 0xffffffff max_cycles: 0xffffffff, max_idle_ns: 1910969940391419 ns[0m
[2mmachine # [    0.009005] setup_percpu: NR_CPUS:384 nr_cpumask_bits:1 nr_cpu_ids:1 nr_node_ids:1[0m
[2mmachine # [    0.009098] percpu: Embedded 98 pages/cpu s278528 r8192 d114688 u2097152[0m
[2mmachine # [    0.009121] kvm-guest: PV spinlocks disabled, single CPU[0m
[2mmachine # [    0.009121] Kernel command line: console=ttyS0 console=tty0 panic=1 boot.panic_on_fail clocksource=acpi_pm loglevel=7 net.ifnames=0 lsm=landlock,yama,bpf init=/nix/store/gv9c9r3ca10f82bqk8rpvkrp84vd3cjq-nixos-system-machine-test/init regInfo=/nix/store/0mda4as19dfn13mp10cnb891r62az3l4-closure-info/registration console=ttyS0,115200n8 console=tty0[0m
[2mmachine # [    0.009176] Unknown kernel command line parameters "regInfo=/nix/store/0mda4as19dfn13mp10cnb891r62az3l4-closure-info/registration", will be passed to user space.[0m
[2mmachine # [    0.009364] random: crng init done[0m
[2mmachine # [    0.009365] printk: log buffer data + meta data: 262144 + 917504 = 1179648 bytes[0m
[2mmachine # [    0.009394] Dentry cache hash table entries: 131072 (order: 8, 1048576 bytes, linear)[0m
[2mmachine # [    0.009412] Inode-cache hash table entries: 65536 (order: 7, 524288 bytes, linear)[0m
[2mmachine # [    0.009427] Fallback order for Node 0: 0[0m
[2mmachine # [    0.009428] Built 1 zonelists, mobility grouping on.  Total pages: 262009[0m
[2mmachine # [    0.009428] Policy zone: DMA32[0m
[2mmachine # [    0.009529] mem auto-init: stack:all(zero), heap alloc:on, heap free:off[0m
[2mmachine # [    0.010837] SLUB: HWalign=64, Order=0-3, MinObjects=0, CPUs=1, Nodes=1[0m
[2mmachine # [    0.010933] allocated 2097152 bytes of page_ext[0m
[2mmachine # [    0.017434] ftrace: allocating 48406 entries in 192 pages[0m
[2mmachine # [    0.017436] ftrace: allocated 192 pages with 2 groups[0m
[2mmachine # [    0.017776] Dynamic Preempt: lazy[0m
[2mmachine # [    0.017884] rcu: Preemptible hierarchical RCU implementation.[0m
[2mmachine # [    0.017885] rcu: 	RCU event tracing is enabled.[0m
[2mmachine # [    0.017886] rcu: 	RCU restricting CPUs from NR_CPUS=384 to nr_cpu_ids=1.[0m
[2mmachine # [    0.017886] 	Trampoline variant of Tasks RCU enabled.[0m
[2mmachine # [    0.017887] 	Rude variant of Tasks RCU enabled.[0m
[2mmachine # [    0.017887] 	Tracing variant of Tasks RCU enabled.[0m
[2mmachine # [    0.017888] rcu: RCU calculated value of scheduler-enlistment delay is 100 jiffies.[0m
[2mmachine # [    0.017888] rcu: Adjusting geometry for rcu_fanout_leaf=16, nr_cpu_ids=1[0m
[2mmachine # [    0.017897] RCU Tasks: Setting shift to 0 and lim to 1 rcu_task_cb_adjust=1 rcu_task_cpu_ids=1.[0m
[2mmachine # [    0.017898] RCU Tasks Rude: Setting shift to 0 and lim to 1 rcu_task_cb_adjust=1 rcu_task_cpu_ids=1.[0m
[2mmachine # [    0.017899] RCU Tasks Trace: Setting shift to 0 and lim to 1 rcu_task_cb_adjust=1 rcu_task_cpu_ids=1.[0m
[2mmachine # [    0.020399] NR_IRQS: 24832, nr_irqs: 256, preallocated irqs: 16[0m
[2mmachine # [    0.020573] rcu: srcu_init: Setting srcu_struct sizes based on contention.[0m
[2mmachine # [    0.020713] kfence: initialized - using 2097152 bytes for 255 objects at 0x(____ptrval____)-0x(____ptrval____)[0m
[2mmachine # [    0.025533] Console: colour VGA+ 80x25[0m
[2mmachine # [    0.025536] printk: legacy console [tty0] enabled[0m
[2mmachine # [    0.052489] printk: legacy console [ttyS0] enabled[0m
[2mmachine # [    0.170624] ACPI: Core revision 20250807[0m
[2mmachine # [    0.171551] clocksource: hpet: mask: 0xffffffff max_cycles: 0xffffffff, max_idle_ns: 19112604467 ns[0m
[2mmachine # [    0.173318] APIC: Switch to symmetric I/O mode setup[0m
[2mmachine # [    0.174391] x2apic enabled[0m
[2mmachine # [    0.175190] APIC: Switched APIC routing to: physical x2apic[0m
[2mmachine # [    0.176975] ..TIMER: vector=0x30 apic1=0 pin1=2 apic2=-1 pin2=-1[0m
[2mmachine # [    0.178101] clocksource: tsc-early: mask: 0xffffffffffffffff max_cycles: 0x439ef830147, max_idle_ns: 440795309423 ns[0m
[2mmachine # [    0.180002] Calibrating delay loop (skipped) preset value.. 9382.40 BogoMIPS (lpj=4691204)[0m
[2mmachine # [    0.181106] x86/cpu: User Mode Instruction Prevention (UMIP) activated[0m
[2mmachine # [    0.182064] Last level iTLB entries: 4KB 512, 2MB 255, 4MB 127[0m
[2mmachine # [    0.183001] Last level dTLB entries: 4KB 512, 2MB 255, 4MB 127, 1GB 0[0m
[2mmachine # [    0.184003] mitigations: Enabled attack vectors: user_kernel, user_user, guest_host, guest_guest, SMT mitigations: auto[0m
[2mmachine # [    0.186001] Speculative Store Bypass: Mitigation: Speculative Store Bypass disabled via prctl[0m
[2mmachine # [    0.187001] Spectre V2 : Mitigation: Enhanced / Automatic IBRS[0m
[2mmachine # [    0.188001] Speculative Return Stack Overflow: Mitigation: Safe RET[0m
[2mmachine # [    0.190001] Spectre V1 : Mitigation: usercopy/swapgs barriers and __user pointer sanitization[0m
[2mmachine # [    0.191004] Spectre V2 : mitigation: Enabling conditional Indirect Branch Prediction Barrier[0m
[2mmachine # [    0.192001] active return thunk: srso_alias_return_thunk[0m
[2mmachine # [    0.193018] x86/fpu: Supporting XSAVE feature 0x001: 'x87 floating point registers'[0m
[2mmachine # [    0.194001] x86/fpu: Supporting XSAVE feature 0x002: 'SSE registers'[0m
[2mmachine # [    0.195001] x86/fpu: Supporting XSAVE feature 0x004: 'AVX registers'[0m
[2mmachine # [    0.197001] x86/fpu: Supporting XSAVE feature 0x020: 'AVX-512 opmask'[0m
[2mmachine # [    0.199001] x86/fpu: Supporting XSAVE feature 0x040: 'AVX-512 Hi256'[0m
[2mmachine # [    0.200001] x86/fpu: Supporting XSAVE feature 0x080: 'AVX-512 ZMM_Hi256'[0m
[2mmachine # [    0.202001] x86/fpu: Supporting XSAVE feature 0x200: 'Protection Keys User registers'[0m
[2mmachine # [    0.203001] x86/fpu: xstate_offset[2]:  576, xstate_sizes[2]:  256[0m
[2mmachine # [    0.204001] x86/fpu: xstate_offset[5]:  832, xstate_sizes[5]:   64[0m
[2mmachine # [    0.205001] x86/fpu: xstate_offset[6]:  896, xstate_sizes[6]:  512[0m
[2mmachine # [    0.206925] x86/fpu: xstate_offset[7]: 1408, xstate_sizes[7]: 1024[0m
[2mmachine # [    0.208001] x86/fpu: xstate_offset[9]: 2432, xstate_sizes[9]:    8[0m
[2mmachine # [    0.209001] x86/fpu: Enabled xstate features 0x2e7, context size is 2440 bytes, using 'compacted' format.[0m
[2mmachine # [    0.231699] Freeing SMP alternatives memory: 44K[0m
[2mmachine # [    0.232002] pid_max: default: 32768 minimum: 301[0m
[2mmachine # [    0.233042] LSM: initializing lsm=capability,landlock,yama,bpf,ima[0m
[2mmachine # [    0.234064] landlock: Up and running.[0m
[2mmachine # [    0.235001] Yama: becoming mindful.[0m
[2mmachine # [    0.236148] LSM support for eBPF active[0m
[2mmachine # [    0.237032] Mount-cache hash table entries: 2048 (order: 2, 16384 bytes, linear)[0m
[2mmachine # [    0.238002] Mountpoint-cache hash table entries: 2048 (order: 2, 16384 bytes, linear)[0m
[2mmachine # [    0.239286] smpboot: CPU0: AMD Ryzen 9 7900X 12-Core Processor (family: 0x19, model: 0x61, stepping: 0x2)[0m
[2mmachine # [    0.240211] Performance Events: Fam17h+ core perfctr, AMD PMU driver.[0m
[2mmachine # [    0.241008] ... version:                   2[0m
[2mmachine # [    0.241829] ... bit width:                 48[0m
[2mmachine # [    0.242661] ... generic counters:          6[0m
[2mmachine # [    0.243002] ... generic bitmap:            000000000000003f[0m
[2mmachine # [    0.244003] ... fixed-purpose counters:    0[0m
[2mmachine # [    0.244828] ... fixed-purpose bitmap:      0000000000000000[0m
[2mmachine # [    0.245823] ... value mask:                0000ffffffffffff[0m
[2mmachine # [    0.246818] ... max period:                00007fffffffffff[0m
[2mmachine # [    0.247855] ... global_ctrl mask:          000000000000003f[0m
[2mmachine # [    0.248892] signal: max sigframe size: 3376[0m
[2mmachine # [    0.249653] rcu: Hierarchical SRCU implementation.[0m
[2mmachine # [    0.250005] rcu: 	Max phase no-delay instances is 400.[0m
[2mmachine # [    0.253398] smp: Bringing up secondary CPUs ...[0m
[2mmachine # [    0.254012] smp: Brought up 1 node, 1 CPU[0m
[2mmachine # [    0.254799] smpboot: Total of 1 processors activated (9382.40 BogoMIPS)[0m
[2mmachine # [    0.256071] Memory: 959636K/1048036K available (17054K kernel code, 2716K rwdata, 13480K rodata, 3632K init, 3040K bss, 80968K reserved, 0K cma-reserved)[0m
[2mmachine # [    0.257072] devtmpfs: initialized[0m
[2mmachine # [    0.257808] x86/mm: Memory block size: 128MB[0m
[2mmachine # [    0.258392] clocksource: jiffies: mask: 0xffffffff max_cycles: 0xffffffff, max_idle_ns: 1911260446275000 ns[0m
[2mmachine # [    0.259012] posixtimers hash table entries: 512 (order: 1, 8192 bytes, linear)[0m
[2mmachine # [    0.260005] futex hash table entries: 256 (16384 bytes on 1 NUMA nodes, total 16 KiB, linear).[0m
[2mmachine # [    0.261045] pinctrl core: initialized pinctrl subsystem[0m
[2mmachine # [    0.262143] PM: RTC time: 13:26:37, date: 2026-04-08[0m
[2mmachine # [    0.263287] NET: Registered PF_NETLINK/PF_ROUTE protocol family[0m
[2mmachine # [    0.264183] DMA: preallocated 128 KiB GFP_KERNEL pool for atomic allocations[0m
[2mmachine # [    0.265009] DMA: preallocated 128 KiB GFP_KERNEL|GFP_DMA pool for atomic allocations[0m
[2mmachine # [    0.266007] DMA: preallocated 128 KiB GFP_KERNEL|GFP_DMA32 pool for atomic allocations[0m
[2mmachine # [    0.267008] audit: initializing netlink subsys (disabled)[0m
[2mmachine # [    0.268100] thermal_sys: Registered thermal governor 'fair_share'[0m
[2mmachine # [    0.268101] thermal_sys: Registered thermal governor 'bang_bang'[0m
[2mmachine # [    0.269004] audit: type=2000 audit(1775654797.480:1): state=initialized audit_enabled=0 res=1[0m
[2mmachine # [    0.271004] thermal_sys: Registered thermal governor 'step_wise'[0m
[2mmachine # [    0.271005] thermal_sys: Registered thermal governor 'user_space'[0m
[2mmachine # [    0.272003] thermal_sys: Registered thermal governor 'power_allocator'[0m
[2mmachine # [    0.273016] cpuidle: using governor menu[0m
[2mmachine # [    0.275524] acpiphp: ACPI Hot Plug PCI Controller Driver version: 0.5[0m
[2mmachine # [    0.276130] PCI: Using configuration type 1 for base access[0m
[2mmachine # [    0.277003] PCI: Using configuration type 1 for extended access[0m
[2mmachine # [    0.278136] kprobes: kprobe jump-optimization is enabled. All kprobes are optimized if possible.[0m
[2mmachine # [    0.283052] HugeTLB: registered 1.00 GiB page size, pre-allocated 0 pages[0m
[2mmachine # [    0.284002] HugeTLB: 16380 KiB vmemmap can be freed for a 1.00 GiB page[0m
[2mmachine # [    0.289002] HugeTLB: registered 2.00 MiB page size, pre-allocated 0 pages[0m
[2mmachine # [    0.290002] HugeTLB: 28 KiB vmemmap can be freed for a 2.00 MiB page[0m
[2mmachine # [    0.297171] ACPI: Added _OSI(Module Device)[0m
[2mmachine # [    0.297982] ACPI: Added _OSI(Processor Device)[0m
[2mmachine # [    0.298679] ACPI: Added _OSI(Processor Aggregator Device)[0m
[2mmachine # [    0.303166] ACPI: 1 ACPI AML tables successfully acquired and loaded[0m
[2mmachine # [    0.307109] ACPI: Interpreter enabled[0m
[2mmachine # [    0.307837] ACPI: PM: (supports S0 S3 S4 S5)[0m
[2mmachine # [    0.310849] ACPI: Using IOAPIC for interrupt routing[0m
[2mmachine # [    0.311750] PCI: Using host bridge windows from ACPI; if necessary, use "pci=nocrs" and report a bug[0m
[2mmachine # [    0.313003] PCI: Using E820 reservations for host bridge windows[0m
[2mmachine # [    0.314100] ACPI: Enabled 2 GPEs in block 00 to 0F[0m
[2mmachine # [    0.317667] ACPI: PCI Root Bridge [PCI0] (domain 0000 [bus 00-ff])[0m
[2mmachine # [    0.318006] acpi PNP0A03:00: _OSC: OS supports [ExtendedConfig ASPM ClockPM Segments MSI HPX-Type3][0m
[2mmachine # [    0.319225] acpiphp: Slot [3] registered[0m
[2mmachine # [    0.320027] acpiphp: Slot [4] registered[0m
[2mmachine # [    0.320836] acpiphp: Slot [5] registered[0m
[2mmachine # [    0.321637] acpiphp: Slot [6] registered[0m
[2mmachine # [    0.322025] acpiphp: Slot [7] registered[0m
[2mmachine # [    0.322830] acpiphp: Slot [8] registered[0m
[2mmachine # [    0.323638] acpiphp: Slot [9] registered[0m
[2mmachine # [    0.324026] acpiphp: Slot [10] registered[0m
[2mmachine # [    0.324875] acpiphp: Slot [11] registered[0m
[2mmachine # [    0.325664] acpiphp: Slot [12] registered[0m
[2mmachine # [    0.326027] acpiphp: Slot [13] registered[0m
[2mmachine # [    0.326875] acpiphp: Slot [14] registered[0m
[2mmachine # [    0.327647] acpiphp: Slot [15] registered[0m
[2mmachine # [    0.328029] acpiphp: Slot [16] registered[0m
[2mmachine # [    0.328858] acpiphp: Slot [17] registered[0m
[2mmachine # [    0.329642] acpiphp: Slot [18] registered[0m
[2mmachine # [    0.330035] acpiphp: Slot [19] registered[0m
[2mmachine # [    0.330865] acpiphp: Slot [20] registered[0m
[2mmachine # [    0.331625] acpiphp: Slot [21] registered[0m
[2mmachine # [    0.332025] acpiphp: Slot [22] registered[0m
[2mmachine # [    0.332873] acpiphp: Slot [23] registered[0m
[2mmachine # [    0.333668] acpiphp: Slot [24] registered[0m
[2mmachine # [    0.334029] acpiphp: Slot [25] registered[0m
[2mmachine # [    0.334974] acpiphp: Slot [26] registered[0m
[2mmachine # [    0.335701] acpiphp: Slot [27] registered[0m
[2mmachine # [    0.336025] acpiphp: Slot [28] registered[0m
[2mmachine # [    0.336846] acpiphp: Slot [29] registered[0m
[2mmachine # [    0.337633] acpiphp: Slot [30] registered[0m
[2mmachine # [    0.338026] acpiphp: Slot [31] registered[0m
[2mmachine # [    0.338833] PCI host bridge to bus 0000:00[0m
[2mmachine # [    0.339622] pci_bus 0000:00: root bus resource [io  0x0000-0x0cf7 window][0m
[2mmachine # [    0.340003] pci_bus 0000:00: root bus resource [io  0x0d00-0xffff window][0m
[2mmachine # [    0.341003] pci_bus 0000:00: root bus resource [mem 0x000a0000-0x000bffff window][0m
[2mmachine # [    0.342003] pci_bus 0000:00: root bus resource [mem 0x40000000-0xfebfffff window][0m
[2mmachine # [    0.343008] pci_bus 0000:00: root bus resource [mem 0x100000000-0x17fffffff window][0m
[2mmachine # [    0.344003] pci_bus 0000:00: root bus resource [bus 00-ff][0m
[2mmachine # [    0.345260] pci 0000:00:00.0: [8086:1237] type 00 class 0x060000 conventional PCI endpoint[0m
[2mmachine # [    0.346600] pci 0000:00:01.0: [8086:7000] type 00 class 0x060100 conventional PCI endpoint[0m
[2mmachine # [    0.347658] pci 0000:00:01.1: [8086:7010] type 00 class 0x010180 conventional PCI endpoint[0m
[2mmachine # [    0.348890] pci 0000:00:01.1: BAR 4 [io  0xc1e0-0xc1ef][0m
[2mmachine # [    0.349920] pci 0000:00:01.1: BAR 0 [io  0x01f0-0x01f7]: legacy IDE quirk[0m
[2mmachine # [    0.351003] pci 0000:00:01.1: BAR 1 [io  0x03f6]: legacy IDE quirk[0m
[2mmachine # [    0.352003] pci 0000:00:01.1: BAR 2 [io  0x0170-0x0177]: legacy IDE quirk[0m
[2mmachine # [    0.353003] pci 0000:00:01.1: BAR 3 [io  0x0376]: legacy IDE quirk[0m
[2mmachine # [    0.354205] pci 0000:00:01.2: [8086:7020] type 00 class 0x0c0300 conventional PCI endpoint[0m
[2mmachine # [    0.355847] pci 0000:00:01.2: BAR 4 [io  0xc100-0xc11f][0m
[2mmachine # [    0.357626] pci 0000:00:01.3: [8086:7113] type 00 class 0x068000 conventional PCI endpoint[0m
[2mmachine # [    0.358463] pci 0000:00:01.3: quirk: [io  0x0600-0x063f] claimed by PIIX4 ACPI[0m
[2mmachine # [    0.359013] pci 0000:00:01.3: quirk: [io  0x0700-0x070f] claimed by PIIX4 SMB[0m
[2mmachine # [    0.360257] pci 0000:00:02.0: [1234:1111] type 00 class 0x030000 conventional PCI endpoint[0m
[2mmachine # [    0.362014] pci 0000:00:02.0: BAR 0 [mem 0xfd000000-0xfdffffff pref][0m
[2mmachine # [    0.363021] pci 0000:00:02.0: BAR 2 [mem 0xfebd0000-0xfebd0fff][0m
[2mmachine # [    0.364038] pci 0000:00:02.0: ROM [mem 0xfebc0000-0xfebcffff pref][0m
[2mmachine # [    0.365064] pci 0000:00:02.0: Video device with shadowed ROM at [mem 0x000c0000-0x000dffff][0m
[2mmachine # [    0.366320] pci 0000:00:03.0: [1af4:1000] type 00 class 0x020000 conventional PCI endpoint[0m
[2mmachine # [    0.368012] pci 0000:00:03.0: BAR 0 [io  0xc120-0xc13f][0m
[2mmachine # [    0.369002] pci 0000:00:03.0: BAR 1 [mem 0xfebd1000-0xfebd1fff][0m
[2mmachine # [    0.370044] pci 0000:00:03.0: BAR 4 [mem 0xfe000000-0xfe003fff 64bit pref][0m
[2mmachine # [    0.371012] pci 0000:00:03.0: ROM [mem 0xfeb40000-0xfeb7ffff pref][0m
[2mmachine # [    0.373391] pci 0000:00:04.0: [1af4:1005] type 00 class 0x00ff00 conventional PCI endpoint[0m
[2mmachine # [    0.375012] pci 0000:00:04.0: BAR 0 [io  0xc140-0xc15f][0m
[2mmachine # [    0.375967] pci 0000:00:04.0: BAR 1 [mem 0xfebd2000-0xfebd2fff][0m
[2mmachine # [    0.376952] pci 0000:00:04.0: BAR 4 [mem 0xfe004000-0xfe007fff 64bit pref][0m
[2mmachine # [    0.379480] pci 0000:00:05.0: [1af4:1009] type 00 class 0x000200 conventional PCI endpoint[0m
[2mmachine # [    0.381012] pci 0000:00:05.0: BAR 0 [io  0xc080-0xc0bf][0m
[2mmachine # [    0.382012] pci 0000:00:05.0: BAR 1 [mem 0xfebd3000-0xfebd3fff][0m
[2mmachine # [    0.383038] pci 0000:00:05.0: BAR 4 [mem 0xfe008000-0xfe00bfff 64bit pref][0m
[2mmachine # [    0.385302] pci 0000:00:06.0: [1af4:1009] type 00 class 0x000200 conventional PCI endpoint[0m
[2mmachine # [    0.387566] pci 0000:00:06.0: BAR 0 [io  0xc160-0xc17f][0m
[2mmachine # [    0.388012] pci 0000:00:06.0: BAR 1 [mem 0xfebd4000-0xfebd4fff][0m
[2mmachine # [    0.389038] pci 0000:00:06.0: BAR 4 [mem 0xfe00c000-0xfe00ffff 64bit pref][0m
[2mmachine # [    0.391344] pci 0000:00:07.0: [1af4:1009] type 00 class 0x000200 conventional PCI endpoint[0m
[2mmachine # [    0.393012] pci 0000:00:07.0: BAR 0 [io  0xc180-0xc19f][0m
[2mmachine # [    0.394002] pci 0000:00:07.0: BAR 1 [mem 0xfebd5000-0xfebd5fff][0m
[2mmachine # [    0.395044] pci 0000:00:07.0: BAR 4 [mem 0xfe010000-0xfe013fff 64bit pref][0m
[2mmachine # [    0.398460] pci 0000:00:08.0: [1af4:1001] type 00 class 0x010000 conventional PCI endpoint[0m
[2mmachine # [    0.400898] pci 0000:00:08.0: BAR 0 [io  0xc000-0xc07f][0m
[2mmachine # [    0.401795] pci 0000:00:08.0: BAR 1 [mem 0xfebd6000-0xfebd6fff][0m
[2mmachine # [    0.402967] pci 0000:00:08.0: BAR 4 [mem 0xfe014000-0xfe017fff 64bit pref][0m
[2mmachine # [    0.405439] pci 0000:00:09.0: [1af4:1000] type 00 class 0x020000 conventional PCI endpoint[0m
[2mmachine # [    0.407846] pci 0000:00:09.0: BAR 0 [io  0xc1a0-0xc1bf][0m
[2mmachine # [    0.408842] pci 0000:00:09.0: BAR 1 [mem 0xfebd7000-0xfebd7fff][0m
[2mmachine # [    0.409920] pci 0000:00:09.0: BAR 4 [mem 0xfe018000-0xfe01bfff 64bit pref][0m
[2mmachine # [    0.411012] pci 0000:00:09.0: ROM [mem 0xfeb80000-0xfebbffff pref][0m
[2mmachine # [    0.413308] pci 0000:00:0a.0: [1af4:1052] type 00 class 0x090000 conventional PCI endpoint[0m
[2mmachine # [    0.415002] pci 0000:00:0a.0: BAR 1 [mem 0xfebd8000-0xfebd8fff][0m
[2mmachine # [    0.416050] pci 0000:00:0a.0: BAR 4 [mem 0xfe01c000-0xfe01ffff 64bit pref][0m
[2mmachine # [    0.418449] pci 0000:00:0b.0: [1af4:1003] type 00 class 0x078000 conventional PCI endpoint[0m
[2mmachine # [    0.420013] pci 0000:00:0b.0: BAR 0 [io  0xc0c0-0xc0ff][0m
[2mmachine # [    0.420995] pci 0000:00:0b.0: BAR 1 [mem 0xfebd9000-0xfebd9fff][0m
[2mmachine # [    0.421907] pci 0000:00:0b.0: BAR 4 [mem 0xfe020000-0xfe023fff 64bit pref][0m
[2mmachine # [    0.424530] pci 0000:00:0c.0: [1af4:1005] type 00 class 0x00ff00 conventional PCI endpoint[0m
[2mmachine # [    0.427012] pci 0000:00:0c.0: BAR 0 [io  0xc1c0-0xc1df][0m
[2mmachine # [    0.428012] pci 0000:00:0c.0: BAR 1 [mem 0xfebda000-0xfebdafff][0m
[2mmachine # [    0.429038] pci 0000:00:0c.0: BAR 4 [mem 0xfe024000-0xfe027fff 64bit pref][0m
[2mmachine # [    0.434913] ACPI: PCI: Interrupt link LNKA configured for IRQ 10[0m
[2mmachine # [    0.436058] ACPI: PCI: Interrupt link LNKB configured for IRQ 10[0m
[2mmachine # [    0.437122] ACPI: PCI: Interrupt link LNKC configured for IRQ 11[0m
[2mmachine # [    0.438146] ACPI: PCI: Interrupt link LNKD configured for IRQ 11[0m
[2mmachine # [    0.439068] ACPI: PCI: Interrupt link LNKS configured for IRQ 9[0m
[2mmachine # [    0.440311] iommu: Default domain type: Translated[0m
[2mmachine # [    0.441006] iommu: DMA domain TLB invalidation policy: lazy mode[0m
[2mmachine # [    0.442043] ACPI: bus type USB registered[0m
[2mmachine # [    0.442920] usbcore: registered new interface driver usbfs[0m
[2mmachine # [    0.443898] usbcore: registered new interface driver hub[0m
[2mmachine # [    0.444807] usbcore: registered new device driver usb[0m
[2mmachine # [    0.445983] NetLabel: Initializing[0m
[2mmachine # [    0.446511] NetLabel:  domain hash size = 128[0m
[2mmachine # [    0.447005] NetLabel:  protocols = UNLABELED CIPSOv4 CALIPSO[0m
[2mmachine # [    0.448030] NetLabel:  unlabeled traffic allowed by default[0m
[2mmachine # [    0.449007] PCI: Using ACPI for IRQ routing[0m
[2mmachine # [    0.450227] pci 0000:00:02.0: vgaarb: setting as boot VGA device[0m
[2mmachine # [    0.450999] pci 0000:00:02.0: vgaarb: bridge control possible[0m
[2mmachine # [    0.450999] pci 0000:00:02.0: vgaarb: VGA device added: decodes=io+mem,owns=io+mem,locks=none[0m
[2mmachine # [    0.451004] vgaarb: loaded[0m
[2mmachine # [    0.451724] hpet0: at MMIO 0xfed00000, IRQs 2, 8, 0[0m
[2mmachine # [    0.452003] hpet0: 3 comparators, 64-bit 100.000000 MHz counter[0m
[2mmachine # [    0.457039] clocksource: Switched to clocksource kvm-clock[0m
[2mmachine # [    0.458352] VFS: Disk quotas dquot_6.6.0[0m
[2mmachine # [    0.459848] VFS: Dquot-cache hash table entries: 512 (order 0, 4096 bytes)[0m
[2mmachine # [    0.461261] pnp: PnP ACPI init[0m
[2mmachine # [    0.462346] pnp: PnP ACPI: found 6 devices[0m
[2mmachine # [    0.468822] clocksource: acpi_pm: mask: 0xffffff max_cycles: 0xffffff, max_idle_ns: 2085701024 ns[0m
[2mmachine # [    0.470493] clocksource: Switched to clocksource acpi_pm[0m
[2mmachine # [    0.471587] NET: Registered PF_INET protocol family[0m
[2mmachine # [    0.472586] IP idents hash table entries: 16384 (order: 5, 131072 bytes, linear)[0m
[2mmachine # [    0.481245] tcp_listen_portaddr_hash hash table entries: 512 (order: 1, 8192 bytes, linear)[0m
[2mmachine # [    0.483008] Table-perturb hash table entries: 65536 (order: 6, 262144 bytes, linear)[0m
[2mmachine # [    0.484482] TCP established hash table entries: 8192 (order: 4, 65536 bytes, linear)[0m
[2mmachine # [    0.485940] TCP bind hash table entries: 8192 (order: 6, 262144 bytes, linear)[0m
[2mmachine # [    0.487311] TCP: Hash tables configured (established 8192 bind 8192)[0m
[2mmachine # [    0.488642] MPTCP token hash table entries: 1024 (order: 3, 24576 bytes, linear)[0m
[2mmachine # [    0.490125] UDP hash table entries: 512 (order: 3, 32768 bytes, linear)[0m
[2mmachine # [    0.491455] UDP-Lite hash table entries: 512 (order: 3, 32768 bytes, linear)[0m
[2mmachine # [    0.492796] NET: Registered PF_UNIX/PF_LOCAL protocol family[0m
[2mmachine # [    0.493881] NET: Registered PF_XDP protocol family[0m
[2mmachine # [    0.494877] pci_bus 0000:00: resource 4 [io  0x0000-0x0cf7 window][0m
[2mmachine # [    0.496149] pci_bus 0000:00: resource 5 [io  0x0d00-0xffff window][0m
[2mmachine # [    0.497303] pci_bus 0000:00: resource 6 [mem 0x000a0000-0x000bffff window][0m
[2mmachine # [    0.498607] pci_bus 0000:00: resource 7 [mem 0x40000000-0xfebfffff window][0m
[2mmachine # [    0.499876] pci_bus 0000:00: resource 8 [mem 0x100000000-0x17fffffff window][0m
[2mmachine # [    0.501273] pci 0000:00:01.0: PIIX3: Enabling Passive Release[0m
[2mmachine # [    0.502548] pci 0000:00:00.0: Limiting direct PCI/PCI transfers[0m
[2mmachine # [    0.504638] ACPI: \_SB_.LNKD: Enabled at IRQ 11[0m
[2mmachine # [    0.506790] PCI: CLS 0 bytes, default 64[0m
[2mmachine # [    0.507694] clocksource: tsc: mask: 0xffffffffffffffff max_cycles: 0x439ef830147, max_idle_ns: 440795309423 ns[0m
[2mmachine # [    0.509656] Trying to unpack rootfs image as initramfs...[0m
[2mmachine # [    0.539656] Initialise system trusted keyrings[0m
[2mmachine # [    0.542457] workingset: timestamp_bits=40 max_order=18 bucket_order=0[0m
[2mmachine # [    0.565850] Key type asymmetric registered[0m
[2mmachine # [    0.566735] Asymmetric key parser 'x509' registered[0m
[2mmachine # [    0.567733] Block layer SCSI generic (bsg) driver version 0.4 loaded (major 248)[0m
[2mmachine # [    0.569185] io scheduler mq-deadline registered[0m
[2mmachine # [    0.570078] io scheduler kyber registered[0m
[2mmachine # [    0.571169] Serial: 8250/16550 driver, 4 ports, IRQ sharing enabled[0m
[2mmachine # [    0.572584] 00:04: ttyS0 at I/O 0x3f8 (irq = 4, base_baud = 115200) is a 16550A[0m
[2mmachine # [    0.574675] Linux agpgart interface v0.103[0m
[2mmachine # [    0.575632] ACPI: bus type drm_connector registered[0m
[2mmachine # [    0.578524] usbcore: registered new interface driver usbserial_generic[0m
[2mmachine # [    0.579855] usbserial: USB Serial support registered for generic[0m
[2mmachine # [    0.583452] amd_pstate: The CPPC feature is supported but currently disabled by the BIOS.[0m
[2mmachine # [    0.583452] Please enable it if your BIOS has the CPPC option.[0m
[2mmachine # [    0.586033] amd_pstate: the _CPC object is not present in SBIOS or ACPI disabled[0m
[2mmachine # [    0.589535] drop_monitor: Initializing network drop monitor service[0m
[2mmachine # [    0.590847] NET: Registered PF_INET6 protocol family[0m
[2mmachine # [    0.595655] Segment Routing with IPv6[0m
[2mmachine # [    0.598459] In-situ OAM (IOAM) with IPv6[0m
[2mmachine # [    0.599534] IPI shorthand broadcast: enabled[0m
[2mmachine # [    0.604835] sched_clock: Marking stable (450019192, 154416573)->(674431328, -69995563)[0m
[2mmachine # [    0.609675] registered taskstats version 1[0m
[2mmachine # [    0.610660] Loading compiled-in X.509 certificates[0m
[2mmachine # [    0.624446] Demotion targets for Node 0: null[0m
[2mmachine # [    0.625380] Key type .fscrypt registered[0m
[2mmachine # [    0.628459] Key type fscrypt-provisioning registered[0m
[2mmachine # [    0.629520] ima: No TPM chip found, activating TPM-bypass![0m
[2mmachine # [    0.631833] Freeing initrd memory: 12464K[0m
[2mmachine # [    0.632672] ima: Allocated hash algorithm: sha1[0m
[2mmachine # [    0.633629] ima: No architecture policies found[0m
[2mmachine # [    0.634625] PM:   Magic number: 6:341:432[0m
[2mmachine # [    0.635953] RAS: Correctable Errors collector initialized.[0m
[2mmachine # [    0.639340] clk: Disabling unused clocks[0m
[2mmachine # [    0.640146] PM: genpd: Disabling unused power domains[0m
[2mmachine # [    0.642337] Freeing unused decrypted memory: 2028K[0m
[2mmachine # [    0.643623] Freeing unused kernel image (initmem) memory: 3632K[0m
[2mmachine # [    0.644749] Write protecting the kernel read-only data: 32768k[0m
[2mmachine # [    0.646130] Freeing unused kernel image (text/rodata gap) memory: 1376K[0m
[2mmachine # [    0.647526] Freeing unused kernel image (rodata/data gap) memory: 856K[0m
[2mmachine # [    0.678142] x86/mm: Checked W+X mappings: passed, no W+X pages found.[0m
[2mmachine # [    0.679452] Run /init as init process[0m
[2mmachine # [    0.703768] device-mapper: core: CONFIG_IMA_DISABLE_HTABLE is disabled. Duplicate IMA measurements will not be recorded in the IMA log.[0m
[2mmachine # [    0.706049] device-mapper: ioctl: 4.50.0-ioctl (2025-04-28) initialised: dm-devel@lists.linux.dev[0m
[2mmachine # [    0.796383] i8042: PNP: PS/2 Controller [PNP0303:KBD,PNP0f13:MOU] at 0x60,0x64 irq 1,12[0m
[2mmachine # [    0.812903] serio: i8042 KBD port at 0x60,0x64 irq 1[0m
[2mmachine # [    0.817739] ACPI: \_SB_.LNKC: Enabled at IRQ 10[0m
[2mmachine # [    0.819739] serio: i8042 AUX port at 0x60,0x64 irq 12[0m
[2mmachine # [    0.822975] uhci_hcd 0000:00:01.2: UHCI Host Controller[0m
[2mmachine # [    0.832268] uhci_hcd 0000:00:01.2: new USB bus registered, assigned bus number 1[0m
[2mmachine # [    0.833727] uhci_hcd 0000:00:01.2: detected 2 ports[0m
[2mmachine # [    0.835733] SCSI subsystem initialized[0m
[2mmachine # [    0.837347] ACPI: \_SB_.LNKA: Enabled at IRQ 10[0m
[2mmachine # [    0.839549] uhci_hcd 0000:00:01.2: irq 11, io port 0x0000c100[0m
[2mmachine # [    0.843539] usb usb1: New USB device found, idVendor=1d6b, idProduct=0001, bcdDevice= 6.18[0m
[2mmachine # [    0.845112] usb usb1: New USB device strings: Mfr=3, Product=2, SerialNumber=1[0m
[2mmachine # [    0.846786] ACPI: \_SB_.LNKB: Enabled at IRQ 11[0m
[2mmachine # [    0.856451] usb usb1: Product: UHCI Host Controller[0m
[2mmachine # [    0.857443] usb usb1: Manufacturer: Linux 6.18.20 uhci_hcd[0m
[2mmachine # [    0.860435] usb usb1: SerialNumber: 0000:00:01.2[0m
[2mmachine # [    0.863779] hub 1-0:1.0: USB hub found[0m
[2mmachine # [    0.865439] hub 1-0:1.0: 2 ports detected[0m
[2mmachine # [    0.874491] scsi host0: ata_piix[0m
[2mmachine # [    0.876659] scsi host1: ata_piix[0m
[2mmachine # [    0.879571] ata1: PATA max MWDMA2 cmd 0x1f0 ctl 0x3f6 bmdma 0xc1e0 irq 14 lpm-pol 0[0m
[2mmachine # [    0.881070] ata2: PATA max MWDMA2 cmd 0x170 ctl 0x376 bmdma 0xc1e8 irq 15 lpm-pol 0[0m
[2mmachine # [    1.039627] ata2: found unknown device (class 0)[0m
[2mmachine # [    1.041272] ata2.00: ATAPI: QEMU DVD-ROM, 2.5+, max UDMA/100[0m
[2mmachine # [    1.043610] scsi 1:0:0:0: CD-ROM            QEMU     QEMU DVD-ROM     2.5+ PQ: 0 ANSI: 5[0m
[2mmachine # [    1.087507] usb 1-1: new full-speed USB device number 2 using uhci_hcd[0m
[2mmachine # [    1.098548] virtio_blk virtio5: 1/0/0 default/read/poll queues[0m
[2mmachine # [    1.105274] input: AT Translated Set 2 keyboard as /devices/platform/i8042/serio0/input/input0[0m
[2mmachine # [    1.118594] virtio_blk virtio5: [vda] 10485760 512-byte logical blocks (5.37 GB/5.00 GiB)[0m
[2mmachine # [    1.145531] sr 1:0:0:0: [sr0] scsi3-mmc drive: 4x/4x cd/rw xa/form2 tray[0m
[2mmachine # [    1.147556] netfs: FS-Cache loaded[0m
[2mmachine # [    1.150786] cdrom: Uniform CD-ROM driver Revision: 3.20[0m
[2mmachine # [    1.156749] 9pnet: Installing 9P2000 support[0m
[2mmachine # [    1.270034] usb 1-1: New USB device found, idVendor=0627, idProduct=0001, bcdDevice= 0.00[0m
[2mmachine # [    1.272045] usb 1-1: New USB device strings: Mfr=1, Product=3, SerialNumber=10[0m
[2mmachine # [    1.273591] usb 1-1: Product: QEMU USB Tablet[0m
[2mmachine # [    1.274463] usb 1-1: Manufacturer: QEMU[0m
[2mmachine # [    1.275222] usb 1-1: SerialNumber: 28754-0000:00:01.2-1[0m
[2mmachine # [    1.286441] hid: raw HID events driver (C) Jiri Kosina[0m
[2mmachine # [    1.297364] usbcore: registered new interface driver usbhid[0m
[2mmachine # [    1.300433] usbhid: USB HID core driver[0m
[2mmachine # [    1.303443] input: QEMU QEMU USB Tablet as /devices/pci0000:00/0000:00:01.2/usb1/1-1/1-1:1.0/0003:0627:0001.0001/input/input2[0m
[2mmachine # [    1.308561] hid-generic 0003:0627:0001.0001: input,hidraw0: USB HID v0.01 Mouse [QEMU QEMU USB Tablet] on usb-0000:00:01.2-1/input0[0m
[2mmachine # [    1.350220] EXT4-fs (vda): mounted filesystem 1ac128d1-50c0-489a-be45-53bf053e84fa r/w with ordered data mode. Quota mode: none.[0m
[2mmachine # [    1.365939] 9p: Installing v9fs 9p2000 file system support[0m
[2mmachine # [    1.480434] EXT4-fs (vda): re-mounted 1ac128d1-50c0-489a-be45-53bf053e84fa.[0m
[2mmachine # [    1.482243] booting system configuration /nix/store/gv9c9r3ca10f82bqk8rpvkrp84vd3cjq-nixos-system-machine-test[0m
[2mmachine # [    2.139247] systemd[1]: Inserted module 'autofs4'[0m
[2mmachine # [    2.145673] NET: Registered PF_VSOCK protocol family[0m
[2mmachine # [    2.157653] fuse: init (API version 7.45)[0m
[2mmachine # [    2.178166] systemd[1]: systemd 259.3 running in system mode (+PAM +AUDIT -SELINUX +APPARMOR +IMA +IPE +SMACK +SECCOMP +GCRYPT -GNUTLS +OPENSSL +ACL +BLKID +CURL +ELFUTILS +FIDO2 +IDN2 -IDN +KMOD +LIBCRYPTSETUP +LIBCRYPTSETUP_PLUGINS +LIBFDISK +PCRE2 +PWQUALITY +P11KIT +QRENCODE +TPM2 +BZIP2 +LZ4 +XZ +ZLIB +ZSTD +BPF_FRAMEWORK -BTF -XKBCOMMON +UTMP -SYSVINIT +LIBARCHIVE)[0m
[2mmachine # [    2.183981] systemd[1]: Detected virtualization kvm.[0m
[2mmachine # [    2.184983] systemd[1]: Detected architecture x86-64.[0m
[2mmachine # [    2.186103] systemd[1]: Detected first boot.[0m
[2mmachine # [    2.188240] systemd[1]: Initializing machine ID from random generator.[0m
[2mmachine # [    2.195162] systemd[1]: Hostname set to <machine>.[0m
[2mmachine # [    2.366791] systemd[1]: bpf-restrict-fs: LSM BPF program attached[0m
[2mmachine # [    2.459163] systemd[1]: Applying preset policy.[0m
[2mmachine # [    2.654806] systemd[1]: Populated /etc with preset unit settings.[0m
[2mmachine # [    2.823634] systemd[1]: Queued start job for default target Multi-User System.[0m
[2mmachine # [    2.835560] systemd[1]: Created slice Slice /system/getty.[0m
[2mmachine # [    2.836868] systemd[1]: Created slice Slice /system/modprobe.[0m
[2mmachine # [    2.838189] systemd[1]: Created slice User and Session Slice.[0m
[2mmachine # [    2.839250] systemd[1]: Started Dispatch Password Requests to Console Directory Watch.[0m
[2mmachine # [    2.840596] systemd[1]: Started Forward Password Requests to Wall Directory Watch.[0m
[2mmachine # [    2.841753] systemd[1]: Expecting device /dev/hvc0...[0m
[2mmachine # [    2.842571] systemd[1]: Expecting device /dev/ttyS0...[0m
[2mmachine # [    2.843384] systemd[1]: Expecting device /sys/subsystem/net/devices/eth1...[0m
[2mmachine # [    2.844417] systemd[1]: Reached target Local Encrypted Volumes.[0m
[2mmachine # [    2.845308] systemd[1]: Reached target Virtual Machines and Containers.[0m
[2mmachine # [    2.846383] systemd[1]: Reached target Path Units.[0m
[2mmachine # [    2.847171] systemd[1]: Reached target Remote File Systems.[0m
[2mmachine # [    2.848049] systemd[1]: Reached target Slice Units.[0m
[2mmachine # [    2.848857] systemd[1]: Reached target Swaps.[0m
[2mmachine # [    2.851120] systemd[1]: Listening on Process Core Dump Socket.[0m
[2mmachine # [    2.852912] systemd[1]: Listening on Credential Encryption/Decryption.[0m
[2mmachine # [    2.856673] systemd[1]: Listening on Journal Audit Socket.[0m
[2mmachine # [    2.857643] systemd[1]: Listening on Journal Socket (/dev/log).[0m
[2mmachine # [    2.858671] systemd[1]: Listening on Journal Sockets.[0m
[2mmachine # [    2.859850] systemd[1]: Listening on Userspace Out-Of-Memory (OOM) Killer Socket.[0m
[2mmachine # [    2.861074] systemd[1]: Make TPM PCR Policy skipped, unmet condition check ConditionSecurity=measured-uki[0m
[2mmachine # [    2.862541] systemd[1]: Listening on udev Control Socket.[0m
[2mmachine # [    2.863443] systemd[1]: Listening on udev Kernel Socket.[0m
[2mmachine # [    2.865861] systemd[1]: Mounting Huge Pages File System...[0m
[2mmachine # [    2.868329] systemd[1]: Mounting POSIX Message Queue File System...[0m
[2mmachine # [    2.873099] systemd[1]: Mounting Kernel Debug File System...[0m
[2mmachine # [    2.877746] systemd[1]: Mounting Kernel Trace File System...[0m
[2mmachine # [    2.883334] systemd[1]: Starting Create List of Static Device Nodes...[0m
[2mmachine # [    2.886039] systemd[1]: Load Kernel Module 9pnet_virtio skipped, unmet condition check ConditionKernelModuleLoaded=!9pnet_virtio[0m
[2mmachine # [    2.892148] systemd[1]: Starting Load Kernel Module configfs...[0m
[2mmachine # [    2.893148] systemd[1]: Load Kernel Module drm skipped, unmet condition check ConditionKernelModuleLoaded=!drm[0m
[2mmachine # [    2.901050] systemd[1]: Starting Load Kernel Module efi_pstore...[0m
[2mmachine # [    2.904918] systemd[1]: Load Kernel Module fuse skipped, unmet condition check ConditionKernelModuleLoaded=!fuse[0m
[2mmachine # [    2.912056] systemd[1]: Mounting FUSE Control File System...[0m
[2mmachine # [    2.914253] systemd[1]: File System Check on Root Device skipped, unmet condition check ConditionPathIsReadWrite=!/[0m
[2mmachine # [    2.919622] systemd[1]: Clear Stale Hibernate Storage Info skipped, unmet condition check ConditionPathExists=/sys/firmware/efi/efivars/HibernateLocation-8cf2644b-4b0b-428f-9387-6d876050dc67[0m
[2mmachine # [    2.928513] (modprobe)[376]: modprobe@configfs.service: modprobe@configfs.service: Unable to locate executable 'modprobe': No such file or directory[0m
[2mmachine # [    2.931276] systemd[1]: Starting Journal Service...[0m
[2mmachine # [    2.933001] (modprobe)[377]: modprobe@efi_pstore.service: modprobe@efi_pstore.service: Unable to locate executable 'modprobe': No such file or directory[0m
[2mmachine # [    2.936777] systemd[1]: Starting Load Kernel Modules...[0m
[2mmachine # [    2.941553] systemd[1]: Starting Userspace Out-Of-Memory (OOM) Killer...[0m
[2mmachine # [    2.945424] systemd[1]: Starting Remount Root and Kernel File Systems...[0m
[2mmachine # [    2.947203] systemd[1]: Early TPM SRK Setup skipped, unmet condition check ConditionSecurity=measured-uki[0m
[2mmachine # [    2.953198] systemd[1]: Starting Coldplug All udev Devices...[0m
[2mmachine # [    2.960412] systemd[1]: Mounted Huge Pages File System.[0m
[2mmachine # [    2.961296] systemd[1]: Mounted POSIX Message Queue File System.[0m
[2mmachine # [    2.964609] systemd[1]: Mounted Kernel Debug File System.[0m
[2mmachine # [    2.966609] systemd[1]: Mounted Kernel Trace File System.[0m
[2mmachine # [    2.970114] systemd[1]: Finished Create List of Static Device Nodes.[0m
[2mmachine # [    2.972753] systemd[1]: modprobe@configfs.service: Deactivated successfully.[0m
[2mmachine # [    2.975836] systemd[1]: Finished Load Kernel Module configfs.[0m
[2mmachine # [    2.978025] systemd[1]: modprobe@efi_pstore.service: Deactivated successfully.[0m
[2mmachine # [    2.981806] systemd[1]: Finished Load Kernel Module efi_pstore.[0m
[2mmachine # [    2.983678] systemd[1]: Mounted FUSE Control File System.[0m
[2mmachine # [    2.986080] systemd[1]: Kernel Configuration File System skipped, unmet condition check ConditionPathExists=/sys/kernel/config[0m
[2mmachine # [    2.993817] systemd[1]: Starting Create Static Device Nodes in /dev gracefully...[0m
[2mmachine # [    3.003498] EXT4-fs (vda): re-mounted 1ac128d1-50c0-489a-be45-53bf053e84fa.[0m
[2mmachine # [    3.010611] loop: module loaded[0m
[2mmachine # [    3.012571] systemd[1]: Finished Remount Root and Kernel File Systems.[0m
[2mmachine # [    3.015624] systemd[1]: Platform Persistent Storage Archival skipped, unmet condition check ConditionDirectoryNotEmpty=/sys/fs/pstore[0m
[2mmachine # [    3.021827] systemd-journald[379]: Collecting audit messages is enabled.[0m
[2mmachine # [    3.023562] systemd[1]: Starting Load/Save OS Random Seed...[0m
[2mmachine # [    3.025271] systemd[1]: TPM SRK Setup skipped, unmet condition check ConditionSecurity=measured-uki[0m
[2mmachine # [    3.029439] systemd[1]: Finished Load Kernel Modules.[0m
[2mmachine # [    3.033574] systemd[1]: Starting Firewall...[0m
[2mmachine # [    3.041577] systemd[1]: Starting Apply Kernel Variables...[0m
[2mmachine # [    3.096016] systemd[1]: Finished Load/Save OS Random Seed.[0m
[2mmachine # [    3.098670] systemd[1]: Finished Create Static Device Nodes in /dev gracefully.[0m
[2mmachine # [    3.103483] systemd[1]: Finished Apply Kernel Variables.[0m
[2mmachine # [    3.105715] systemd[1]: Reached target First Boot Complete.[0m
[2mmachine # [    3.110085] systemd[1]: Starting Create Static Device Nodes in /dev...[0m
[2mmachine # [    3.112338] systemd[1]: Started Userspace Out-Of-Memory (OOM) Killer.[0m
[2mmachine # [    3.171522] systemd[1]: Finished Create Static Device Nodes in /dev.[0m
[2mmachine # [    3.172658] systemd[1]: Reached target Preparation for Local File Systems.[0m
[2mmachine # [    3.177929] systemd[1]: Starting Rule-based Manager for Device Events and Files...[0m
[2mmachine # [    3.237775] systemd[1]: Started Journal Service.[0m
[2mmachine # [    3.086384] systemd-modules-load[380]: Inserted module 'loop'[0m
[2mmachine # [    3.088772] systemd-oomd[381]: [0;1;38:5:185mNo swap; memory pressure usage will be degraded[0m[0m
[2mmachine # [    3.094135] systemd[1]: Starting Flush Journal to Persistent Storage...[0m
[2mmachine # [    3.099690] systemd-udevd[398]: Using default interface naming scheme 'v259'.[0m
[2mmachine # [    3.292139] systemd-journald[379]: Received client request to flush runtime journal.[0m
[2mmachine # [    3.249620] systemd[1]: Started Rule-based Manager for Device Events and Files.[0m
[2mmachine # [    3.253095] systemd[1]: Finished Coldplug All udev Devices.[0m
[2mmachine # [    3.254083] systemd[1]: Finished Flush Journal to Persistent Storage.[0m
[2mmachine # [    3.394588] systemd[1]: Found device /dev/hvc0.[0m
[2mmachine # [    3.414430] systemd[1]: Found device /dev/ttyS0.[0m
[2mmachine # [    3.436207] (udev-worker)[459]: [0;1;38:5:185meth1: Config file /etc/systemd/network/40-eth1.link is applied to device based on potentially unpredictable interface name.[0m[0m
[2mmachine # [    3.440361] (udev-worker)[459]: Network interface NamePolicy= disabled on kernel command line.[0m
[2mmachine # [    3.445984] (udev-worker)[457]: Network interface NamePolicy= disabled on kernel command line.[0m
[2mmachine # [    3.507525] systemd[1]: Found device Virtio network device.[0m
[2mmachine # [    3.548098] systemd[1]: Finished Firewall.[0m
[2mmachine # [    3.742321] mousedev: PS/2 mouse device common for all mice[0m
[2mmachine # [    3.743952] input: Power Button as /devices/LNXSYSTM:00/LNXPWRBN:00/input/input3[0m
[2mmachine # [    3.756380] ACPI: button: Power Button [PWRF][0m
[2mmachine # [    3.773171] rtc_cmos 00:05: RTC can wake from S4[0m
[2mmachine # [    3.780631] Floppy drive(s): fd0 is 2.88M AMI BIOS[0m
[2mmachine # [    3.782264] parport_pc 00:03: reported by Plug and Play ACPI[0m
[2mmachine # [    3.783219] parport0: PC-style at 0x378, irq 7 [PCSPP(,...)][0m
[2mmachine # [    3.790049] rtc_cmos 00:05: registered as rtc0[0m
[2mmachine # [    3.795705] rtc_cmos 00:05: setting system clock to 2026-04-08T13:26:41 UTC (1775654801)[0m
[2mmachine # [    3.804611] rtc_cmos 00:05: alarms up to one day, y3k, 242 bytes nvram, hpet irqs[0m
[2mmachine # [    3.809760] FDC 0 is a S82078B[0m
[2mmachine # [    3.818668] bochs-drm 0000:00:02.0: vgaarb: deactivate vga console[0m
[2mmachine # [    3.822498] piix4_smbus 0000:00:01.3: SMBus Host Controller at 0x700, revision 0[0m
[2mmachine # [    3.822529] i2c i2c-0: Memory type 0x07 not supported yet, not instantiating SPD[0m
[2mmachine # [    3.827856] input: QEMU Virtio Keyboard as /devices/pci0000:00/0000:00:0a.0/virtio7/input/input4[0m
[2mmachine # [    3.871942] input: VirtualPS/2 VMware VMMouse as /devices/platform/i8042/serio1/input/input6[0m
[2mmachine # [    3.872182] input: VirtualPS/2 VMware VMMouse as /devices/platform/i8042/serio1/input/input5[0m
[2mmachine # [    3.762183] systemd[1]: Starting Virtual Console Setup...[0m
[2mmachine # [    3.884769] Console: switching to colour dummy device 80x25[0m
[2mmachine # [    3.935529] [drm] Found bochs VGA, ID 0xb0c5.[0m
[2mmachine # [    3.935531] [drm] Framebuffer size 16384 kB @ 0xfd000000, mmio @ 0xfebd0000.[0m
[2mmachine # [    3.946964] bochs-drm 0000:00:02.0: [drm] Registered 1 planes with drm panic[0m
[2mmachine # [    3.947764] [drm] Initialized bochs-drm 1.0.0 for 0000:00:02.0 on minor 0[0m
[2mmachine # [    3.950361] ppdev: user-space parallel port driver[0m
[2mmachine # [    3.806599] systemd[1]: Mounting /run/wrappers...[0m
[2mmachine # [    3.827883] systemd[1]: Mounted /run/wrappers.[0m
[2mmachine # [    3.829170] systemd[1]: Reached target Local File Systems.[0m
[2mmachine # [    3.831249] systemd[1]: Listening on Boot Entries Service Socket.[0m
[2mmachine # [    3.834081] systemd[1]: Starting Create SUID/SGID Wrappers...[0m
[2mmachine # [    3.835595] systemd[1]: Update Boot Loader Random Seed skipped, no trigger condition checks were met.[0m
[2mmachine # [    3.838899] systemd[1]: Starting Save Transient machine-id to Disk...[0m
[2mmachine # [    3.844211] systemd[1]: Starting Create System Files and Directories...[0m
[2mmachine # [    3.890944] systemd[1]: etc-machine\x2did.mount: Deactivated successfully.[0m
[2mmachine # [    3.894846] systemd[1]: Finished Save Transient machine-id to Disk.[0m
[2mmachine # [    3.915076] systemd[1]: Finished Create System Files and Directories.[0m
[2mmachine # [    3.919079] systemd[1]: Starting Rebuild Journal Catalog...[0m
[2mmachine # [    3.921247] systemd[1]: Starting Record System Boot/Shutdown in UTMP...[0m
[2mmachine # [    4.059143] fbcon: bochs-drmdrmfb (fb0) is primary device[0m
[2mmachine # [    4.122245] Console: switching to colour frame buffer device 160x50[0m
[2mmachine # [    4.155895] bochs-drm 0000:00:02.0: [drm] fb0: bochs-drmdrmfb frame buffer device[0m
[2mmachine # [    4.008117] systemd[1]: systemd-vconsole-setup.service: Deactivated successfully.[0m
[2mmachine # [    4.009878] systemd[1]: Stopped Virtual Console Setup.[0m
[2mmachine # [    4.012746] systemd[1]: Starting Virtual Console Setup...[0m
[2mmachine # [    4.049067] systemd[1]: Finished Record System Boot/Shutdown in UTMP.[0m
[2mmachine # [    4.097361] systemd[1]: Finished Rebuild Journal Catalog.[0m
[2mmachine # [    4.099181] systemd[1]: Starting Update is Completed...[0m
[2mmachine # [    4.262746] kvm_amd: TSC scaling supported[0m
[2mmachine # [    4.263201] kvm_amd: Nested Virtualization enabled[0m
[2mmachine # [    4.264129] kvm_amd: Nested Paging enabled[0m
[2mmachine # [    4.264875] kvm_amd: LBR virtualization supported[0m
[2mmachine # [    4.267193] kvm_amd: Virtual GIF supported[0m
[2mmachine # [    4.267964] kvm_amd: Virtual NMI enabled[0m
[2mmachine # [    4.129521] systemd[1]: Finished Update is Completed.[0m
[2mmachine # [    4.315880] EDAC MC: Ver: 3.0.0[0m
[2mmachine # [    4.203181] systemd[1]: suid-sgid-wrappers.service: Deactivated successfully.[0m
[2mmachine # [    4.204370] systemd[1]: Finished Create SUID/SGID Wrappers.[0m
[2mmachine # [    4.235522] systemd[1]: Finished Virtual Console Setup.[0m
[2mmachine # [    4.236990] systemd[1]: Reached target System Initialization.[0m
[2mmachine # [    4.238621] systemd[1]: Started Discard unused filesystem blocks once a week.[0m
[2mmachine # [    4.239757] systemd[1]: Started Daily Cleanup of Temporary Directories.[0m
[2mmachine # [    4.240982] systemd[1]: Reached target Timer Units.[0m
[2mmachine # [    4.242406] systemd[1]: Listening on D-Bus System Message Bus Socket.[0m
[2mmachine # [    4.244093] systemd[1]: Listening on Nix Daemon Socket.[0m
[2mmachine # [    4.245933] systemd[1]: Listening on Hostname Service Socket.[0m
[2mmachine # [    4.247097] systemd[1]: Reached target Socket Units.[0m
[2mmachine # [    4.249353] systemd[1]: Reached target Basic System.[0m
[2mmachine # [    4.250604] systemd[1]: Started backdoor.service.[0m
[2mmachine # [    4.252181] systemd[1]: Starting Import lastlog data into lastlog2 database...[0m
[2mmachine # [    4.254318] systemd[1]: Starting Name Service Cache Daemon (nsncd)...[0m
[2mmachine # [    4.256709] systemd[1]: Starting Post-Boot Actions...[0m
[2mmachine # [    4.259204] systemd[1]: Started Reset console on configuration changes.[0m
[2mmachine # [    4.264388] systemd[1]: Starting resolvconf update...[0m
[2mmachine # [    4.270748] systemd[1]: Starting D-Bus System Message Bus...[0m
[2mmachine # [    4.317372] systemd[1]: Finished Post-Boot Actions.[0m
[2mmachine # connecting to host...[0m
[2mmachine # [    4.336081] systemd[1]: Started Name Service Cache Daemon (nsncd).[0m
[2mmachine # [    4.339965] systemd[1]: Reached target Host and Network Name Lookups.[0m
[2mmachine # [    4.341783] nsncd[619]: Apr 08 13:26:42.193 INFO started, config: Config { ignored_request_types: {}, worker_count: 8, handoff_timeout: 10s }, path: "/var/run/nscd/socket"[0m
[2mmachine # [    4.346235] systemd[1]: Reached target User and Group Name Lookups.[0m
machine: Guest shell says: b'Spawning backdoor root shell...\n'
machine: connected to guest root shell
machine: (connecting took 4.84 seconds)
machine: (finished: waiting for the VM to finish booting, in 4.96 seconds)
[2mmachine # [    4.349033] systemd[1]: Starting User Login Management...[0m
[2mmachine # [    4.350548] systemd[1]: Finished Import lastlog data into lastlog2 database.[0m
[2mmachine # [    4.374989] dbus-daemon[623]: dbus[623]: Unknown username "systemd-timesync" in message bus configuration file[0m
machine: (finished: must succeed: which kafka-topics.sh, in 4.99 seconds)
machine: [1m[32mmust succeed: ls /nix/store/jc4dd4j47dg7zrgy4z8hkbiha1w90djf-apache-kafka-2.13-4.2.0/bin/[0m
machine: (finished: must succeed: ls /nix/store/jc4dd4j47dg7zrgy4z8hkbiha1w90djf-apache-kafka-2.13-4.2.0/bin/, in 0.02 seconds)
machine: [1m[32mmust succeed: ls /nix/store/jc4dd4j47dg7zrgy4z8hkbiha1w90djf-apache-kafka-2.13-4.2.0/config/[0m
[2mmachine # [    4.409270] systemd[1]: Stopped target Host and Network Name Lookups.[0m
[2mmachine # [    4.413318] systemd[1]: Stopping Host and Network Name Lookups...[0m
[2mmachine # [    4.414375] systemd[1]: Stopped target User and Group Name Lookups.[0m
[2mmachine # [    4.418378] systemd[1]: Stopping User and Group Name Lookups...[0m
[2mmachine # [    4.420220] systemd[1]: Stopping Name Service Cache Daemon (nsncd)...[0m
[2mmachine # [    4.422582] systemd[1]: nscd.service: Deactivated successfully.[0m
[2mmachine # [    4.425109] systemd[1]: Stopped Name Service Cache Daemon (nsncd).[0m
[2mmachine # [    4.426751] systemd[1]: Started D-Bus System Message Bus.[0m
[2mmachine # [    4.434571] systemd[1]: Starting Name Service Cache Daemon (nsncd)...[0m
machine: (finished: must succeed: ls /nix/store/jc4dd4j47dg7zrgy4z8hkbiha1w90djf-apache-kafka-2.13-4.2.0/config/, in 0.04 seconds)
machine: [1m[32mmust succeed: java -version[0m
[2mmachine # [    4.451384] systemd-logind[645]: New seat seat0.[0m
[2mmachine # [    4.456088] systemd-logind[645]: Watching system buttons on /dev/input/event2 (Power Button)[0m
[2mmachine # [    4.458354] systemd-logind[645]: Watching system buttons on /dev/input/event3 (QEMU Virtio Keyboard)[0m
[2mmachine # [    4.461925] systemd-logind[645]: Watching system buttons on /dev/input/event0 (AT Translated Set 2 keyboard)[0m
[2mmachine # [    4.464364] systemd[1]: Started User Login Management.[0m
[2mmachine # [    4.467449] systemd[1]: Starting linger-users.service...[0m
[2mmachine # [    4.486820] systemd[1]: Started Name Service Cache Daemon (nsncd).[0m
[2mmachine # [    4.488497] systemd[1]: Reached target Host and Network Name Lookups.[0m
[2mmachine # [    4.490675] nsncd[695]: Apr 08 13:26:42.346 INFO started, config: Config { ignored_request_types: {}, worker_count: 8, handoff_timeout: 10s }, path: "/var/run/nscd/socket"[0m
[2mmachine # [    4.494543] systemd[1]: Reached target User and Group Name Lookups.[0m
[2mmachine # [    4.504895] systemd[1]: Finished resolvconf update.[0m
[2mmachine # [    4.506580] systemd[1]: Reached target Preparation for Network.[0m
[2mmachine # [    4.510684] systemd[1]: Starting DHCP Client...[0m
[2mmachine # [    4.513789] systemd[1]: Starting Address configuration of eth1...[0m
[2mmachine # [    4.520207] systemd[1]: linger-users.service: Deactivated successfully.[0m
[2mmachine # [    4.521386] systemd[1]: Finished linger-users.service.[0m
[2mmachine # [    4.573273] network-addresses-eth1-start[725]: adding address 192.168.1.1/24... done[0m
[2mmachine # [    4.581525] network-addresses-eth1-start[725]: adding address 2001:db8:1::1/64... done[0m
[2mmachine # [    4.593422] systemd[1]: Finished Address configuration of eth1.[0m
[2mmachine # [    4.595708] systemd[1]: Starting Networking Setup...[0m
[2mmachine # [    4.629271] dhcpcd[733]: dhcpcd-10.3.0 starting[0m
[2mmachine # [    4.634518] dhcpcd[746]: dev: loaded udev[0m
[2mmachine # [    4.799340] 8021q: 802.1Q VLAN Support v1.8[0m
[2mmachine # [    4.799800] 8021q: adding VLAN 0 to HW filter on device eth1[0m
[2mmachine # [    4.668325] systemd[1]: Listening on Load/Save RF Kill Switch Status /dev/rfkill Watch.[0m
[2mmachine # [    4.870184] cfg80211: Loading compiled-in X.509 certificates for regulatory database[0m
[2mmachine # [    4.885345] Loaded X.509 cert 'sforshee: 00b28ddf47aef9cea7'[0m
[2mmachine # [    4.886049] Loaded X.509 cert 'wens: 61c038651aabdcf94bd0ac7ff06c7248db18c600'[0m
[2mmachine # [    4.888737] faux_driver regulatory: Direct firmware load for regulatory.db failed with error -2[0m
[2mmachine # [    4.889694] cfg80211: failed to load regulatory.db[0m
[2mmachine # [    4.736842] systemd[1]: Finished Networking Setup.[0m
[2mmachine # [    4.738815] systemd[1]: Reached target Network.[0m
[2mmachine # [    4.742197] systemd[1]: Starting Permit User Sessions...[0m
[2mmachine # [    4.764835] systemd[1]: Finished Permit User Sessions.[0m
[2mmachine # [    4.770462] systemd[1]: Started Getty on tty1.[0m
[2mmachine # [    4.771761] systemd[1]: Reached target Login Prompts.[0m
[2mmachine # [    4.937495] 8021q: adding VLAN 0 to HW filter on device eth0[0m
[2mmachine # [    4.784555] dhcpcd[746]: eth0: waiting for carrier[0m
[2mmachine # [    4.785970] dhcpcd[746]: eth0: carrier acquired[0m
[2mmachine # [    4.790788] dhcpcd[746]: DUID 00:01:00:01:31:69:14:12:52:54:00:12:34:56[0m
[2mmachine # [    4.792205] dhcpcd[746]: eth0: IAID 00:12:34:56[0m
[2mmachine # [    4.793290] dhcpcd[746]: eth0: adding address fe80::5054:ff:fe12:3456[0m
[2mmachine # openjdk version "21.0.10" 2026-01-20[0m
[2mmachine # OpenJDK Runtime Environment (build 21.0.10+7-nixos)[0m
[2mmachine # OpenJDK 64-Bit Server VM (build 21.0.10+7-nixos, mixed mode, sharing)[0m
machine: (finished: must succeed: java -version, in 0.53 seconds)
machine: 
machine: [1m[32mmust succeed: /nix/store/jc4dd4j47dg7zrgy4z8hkbiha1w90djf-apache-kafka-2.13-4.2.0/bin/kafka-topics.sh --version[0m
[2mmachine # [    5.655054] /proc/cgroups lists only v1 controllers, use cgroup.controllers of root cgroup for v2 info[0m
[2mmachine # [    6.306675] dhcpcd[746]: eth0: soliciting a DHCP lease[0m
[2mmachine # [    6.474730] NET: Registered PF_PACKET protocol family[0m
[2mmachine # [    6.325511] dhcpcd[746]: eth0: offered 10.0.2.15 from 10.0.2.2[0m
[2mmachine # [    6.327950] dhcpcd[746]: eth0: probing address 10.0.2.15/24[0m
[2mmachine # [    6.613531] dhcpcd[746]: eth0: soliciting an IPv6 router[0m
[2mmachine # [    6.615382] dhcpcd[746]: eth0: Router Advertisement from fe80::2[0m
[2mmachine # [    6.616362] dhcpcd[746]: eth0: adding address fec0::5054:ff:fe12:3456/64[0m
[2mmachine # [    6.618145] dhcpcd[746]: eth0: adding route to fec0::/64[0m
[2mmachine # [    6.619071] dhcpcd[746]: eth0: adding default route via fe80::2[0m
machine: (finished: must succeed: /nix/store/jc4dd4j47dg7zrgy4z8hkbiha1w90djf-apache-kafka-2.13-4.2.0/bin/kafka-topics.sh --version, in 2.37 seconds)
machine: Kafka version: 4.2.0

machine: [1m[32mmust succeed: mkdir -p /tmp/zookeeper[0m
machine: (finished: must succeed: mkdir -p /tmp/zookeeper, in 0.01 seconds)
machine: [1m[32mmust succeed: mkdir -p /tmp/kafka-logs[0m
machine: (finished: must succeed: mkdir -p /tmp/kafka-logs, in 0.01 seconds)
(finished: run the VM test script, in 7.98 seconds)
test script finished in 8.01s
[1m[32mcleanup[0m
kill QemuMachine (pid 10)
qemu-system-x86_64: terminating on signal 15 from pid 6 (/nix/store/pzdalg368npikvpq4ncz2saxnz19v53k-python3-3.13.12/bin/python3.13)
vde_switch: EOF data port: Interrupted system call
kill vlan (pid 7)
vde_switch: EOF on stdin, cleaning up and exiting
vde_switch: Caught signal 15, cleaning up and exiting
vde_switch: Could not remove ctl socket '/build/vde1.ctl': No such file or directory
(finished: cleanup, in 0.01 seconds)
